stm32g4xx_hal_msp.c:66:6:HAL_MspInit	16	static
stm32g4xx_hal_msp.c:96:6:HAL_ADC_MspInit	48	static
stm32g4xx_hal_msp.c:165:6:HAL_ADC_MspDeInit	8	static
stm32g4xx_hal_msp.c:239:6:HAL_COMP_MspInit	40	static
stm32g4xx_hal_msp.c:308:6:HAL_COMP_MspDeInit	0	static
stm32g4xx_hal_msp.c:364:6:HAL_CORDIC_MspInit	8	static
stm32g4xx_hal_msp.c:386:6:HAL_CORDIC_MspDeInit	0	static
stm32g4xx_hal_msp.c:408:6:HAL_FDCAN_MspInit	48	static
stm32g4xx_hal_msp.c:457:6:HAL_FDCAN_MspDeInit	8	static
stm32g4xx_hal_msp.c:491:6:HAL_OPAMP_MspInit	40	static
stm32g4xx_hal_msp.c:566:6:HAL_OPAMP_MspDeInit	0	static
stm32g4xx_hal_msp.c:628:6:HAL_TIM_Base_MspInit	24	static
stm32g4xx_hal_msp.c:678:6:HAL_TIM_Encoder_MspInit	40	static
stm32g4xx_hal_msp.c:708:6:HAL_TIM_MspPostInit	48	static
stm32g4xx_hal_msp.c:761:6:HAL_TIM_Base_MspDeInit	8	static
stm32g4xx_hal_msp.c:815:6:HAL_TIM_Encoder_MspDeInit	8	static
stm32g4xx_hal_msp.c:846:6:HAL_UART_MspInit	48	static
stm32g4xx_hal_msp.c:882:6:HAL_UART_MspDeInit	8	static
