Archive member included to satisfy reference by file (symbol)

../../../MCSDK_v5.4.5/MotorControl/lib\libmc-gcc_M4_NoCCMRAM.lib(revup_ctrl.o)
                              Application/User/user_interface.o (RUC_SetPhaseDurationms)
c:/st/stm32cubeide_1.2.0/stm32cubeide/plugins/com.st.stm32cube.ide.mcu.externaltools.gnu-tools-for-stm32.7-2018-q2-update.win32_1.5.0.202011040924/tools/bin/../lib/gcc/arm-none-eabi/7.3.1/../../../../arm-none-eabi/lib/thumb/v7e-m/fpv4-sp/hard\libc_nano.a(lib_a-errno.o)
                              Application/SW4STM32/syscalls.o (__errno)
c:/st/stm32cubeide_1.2.0/stm32cubeide/plugins/com.st.stm32cube.ide.mcu.externaltools.gnu-tools-for-stm32.7-2018-q2-update.win32_1.5.0.202011040924/tools/bin/../lib/gcc/arm-none-eabi/7.3.1/../../../../arm-none-eabi/lib/thumb/v7e-m/fpv4-sp/hard\libc_nano.a(lib_a-exit.o)
                              c:/st/stm32cubeide_1.2.0/stm32cubeide/plugins/com.st.stm32cube.ide.mcu.externaltools.gnu-tools-for-stm32.7-2018-q2-update.win32_1.5.0.202011040924/tools/bin/../lib/gcc/arm-none-eabi/7.3.1/../../../../arm-none-eabi/lib/thumb/v7e-m/fpv4-sp/hard/crt0.o (exit)
c:/st/stm32cubeide_1.2.0/stm32cubeide/plugins/com.st.stm32cube.ide.mcu.externaltools.gnu-tools-for-stm32.7-2018-q2-update.win32_1.5.0.202011040924/tools/bin/../lib/gcc/arm-none-eabi/7.3.1/../../../../arm-none-eabi/lib/thumb/v7e-m/fpv4-sp/hard\libc_nano.a(lib_a-impure.o)
                              c:/st/stm32cubeide_1.2.0/stm32cubeide/plugins/com.st.stm32cube.ide.mcu.externaltools.gnu-tools-for-stm32.7-2018-q2-update.win32_1.5.0.202011040924/tools/bin/../lib/gcc/arm-none-eabi/7.3.1/../../../../arm-none-eabi/lib/thumb/v7e-m/fpv4-sp/hard\libc_nano.a(lib_a-exit.o) (_global_impure_ptr)
c:/st/stm32cubeide_1.2.0/stm32cubeide/plugins/com.st.stm32cube.ide.mcu.externaltools.gnu-tools-for-stm32.7-2018-q2-update.win32_1.5.0.202011040924/tools/bin/../lib/gcc/arm-none-eabi/7.3.1/../../../../arm-none-eabi/lib/thumb/v7e-m/fpv4-sp/hard\libc_nano.a(lib_a-init.o)
                              c:/st/stm32cubeide_1.2.0/stm32cubeide/plugins/com.st.stm32cube.ide.mcu.externaltools.gnu-tools-for-stm32.7-2018-q2-update.win32_1.5.0.202011040924/tools/bin/../lib/gcc/arm-none-eabi/7.3.1/../../../../arm-none-eabi/lib/thumb/v7e-m/fpv4-sp/hard/crt0.o (__libc_init_array)
c:/st/stm32cubeide_1.2.0/stm32cubeide/plugins/com.st.stm32cube.ide.mcu.externaltools.gnu-tools-for-stm32.7-2018-q2-update.win32_1.5.0.202011040924/tools/bin/../lib/gcc/arm-none-eabi/7.3.1/../../../../arm-none-eabi/lib/thumb/v7e-m/fpv4-sp/hard\libc_nano.a(lib_a-memset.o)
                              c:/st/stm32cubeide_1.2.0/stm32cubeide/plugins/com.st.stm32cube.ide.mcu.externaltools.gnu-tools-for-stm32.7-2018-q2-update.win32_1.5.0.202011040924/tools/bin/../lib/gcc/arm-none-eabi/7.3.1/../../../../arm-none-eabi/lib/thumb/v7e-m/fpv4-sp/hard/crt0.o (memset)
c:/st/stm32cubeide_1.2.0/stm32cubeide/plugins/com.st.stm32cube.ide.mcu.externaltools.gnu-tools-for-stm32.7-2018-q2-update.win32_1.5.0.202011040924/tools/bin/../lib/gcc/arm-none-eabi/7.3.1/thumb/v7e-m/fpv4-sp/hard\libgcc.a(_aeabi_ldivmod.o)
                              Drivers/STM32G4xx_HAL_Driver/stm32g4xx_hal_uart.o (__aeabi_ldivmod)
c:/st/stm32cubeide_1.2.0/stm32cubeide/plugins/com.st.stm32cube.ide.mcu.externaltools.gnu-tools-for-stm32.7-2018-q2-update.win32_1.5.0.202011040924/tools/bin/../lib/gcc/arm-none-eabi/7.3.1/thumb/v7e-m/fpv4-sp/hard\libgcc.a(_aeabi_uldivmod.o)
                              Drivers/STM32G4xx_HAL_Driver/stm32g4xx_hal_uart.o (__aeabi_uldivmod)
c:/st/stm32cubeide_1.2.0/stm32cubeide/plugins/com.st.stm32cube.ide.mcu.externaltools.gnu-tools-for-stm32.7-2018-q2-update.win32_1.5.0.202011040924/tools/bin/../lib/gcc/arm-none-eabi/7.3.1/thumb/v7e-m/fpv4-sp/hard\libgcc.a(_udivmoddi4.o)
                              c:/st/stm32cubeide_1.2.0/stm32cubeide/plugins/com.st.stm32cube.ide.mcu.externaltools.gnu-tools-for-stm32.7-2018-q2-update.win32_1.5.0.202011040924/tools/bin/../lib/gcc/arm-none-eabi/7.3.1/thumb/v7e-m/fpv4-sp/hard\libgcc.a(_aeabi_ldivmod.o) (__udivmoddi4)
c:/st/stm32cubeide_1.2.0/stm32cubeide/plugins/com.st.stm32cube.ide.mcu.externaltools.gnu-tools-for-stm32.7-2018-q2-update.win32_1.5.0.202011040924/tools/bin/../lib/gcc/arm-none-eabi/7.3.1/thumb/v7e-m/fpv4-sp/hard\libgcc.a(_dvmd_tls.o)
                              c:/st/stm32cubeide_1.2.0/stm32cubeide/plugins/com.st.stm32cube.ide.mcu.externaltools.gnu-tools-for-stm32.7-2018-q2-update.win32_1.5.0.202011040924/tools/bin/../lib/gcc/arm-none-eabi/7.3.1/thumb/v7e-m/fpv4-sp/hard\libgcc.a(_aeabi_ldivmod.o) (__aeabi_ldiv0)

Allocating common symbols
Common symbol       size              file

RCM_currentHandle   0x1               Application/User/regular_conversion_manager.o
pOCPDisabling       0x4               Application/User/mc_tasks.o
pTemperatureSensor  0x4               Application/User/mc_tasks.o
hopamp2             0x3c              Application/User/main.o
pwmcHandle          0x4               Application/User/mc_tasks.o
[...]
Memory Configuration

Name             Origin             Length             Attributes
RAM              0x0000000020000000 0x0000000000008000 xrw
FLASH            0x0000000008000000 0x0000000000020000 xr
*default*        0x0000000000000000 0xffffffffffffffff

Linker script and memory map

LOAD c:/st/stm32cubeide_1.2.0/stm32cubeide/plugins/com.st.stm32cube.ide.mcu.externaltools.gnu-tools-for-stm32.7-2018-q2-update.win32_1.5.0.202011040924/tools/bin/../lib/gcc/arm-none-eabi/7.3.1/thumb/v7e-m/fpv4-sp/hard/crti.o
LOAD c:/st/stm32cubeide_1.2.0/stm32cubeide/plugins/com.st.stm32cube.ide.mcu.externaltools.gnu-tools-for-stm32.7-2018-q2-update.win32_1.5.0.202011040924/tools/bin/../lib/gcc/arm-none-eabi/7.3.1/thumb/v7e-m/fpv4-sp/hard/crtbegin.o
LOAD c:/st/stm32cubeide_1.2.0/stm32cubeide/plugins/com.st.stm32cube.ide.mcu.externaltools.gnu-tools-for-stm32.7-2018-q2-update.win32_1.5.0.202011040924/tools/bin/../lib/gcc/arm-none-eabi/7.3.1/../../../../arm-none-eabi/lib/thumb/v7e-m/fpv4-sp/hard/crt0.o
LOAD Application/SW4STM32/startup_stm32g431xx.o
LOAD Application/SW4STM32/syscalls.o
LOAD Application/User/main.o
LOAD Application/User/mc_api.o
LOAD Application/User/mc_config.o
LOAD Application/User/mc_interface.o
LOAD Application/User/mc_math.o
LOAD Application/User/mc_parameters.o
LOAD Application/User/mc_tasks.o
LOAD Application/User/motor_control_protocol.o
LOAD Application/User/motorcontrol.o
LOAD Application/User/regular_conversion_manager.o
LOAD Application/User/stm32g4xx_hal_msp.o
LOAD Application/User/stm32g4xx_it.o
LOAD Application/User/stm32g4xx_mc_it.o
LOAD Application/User/ui_task.o
LOAD Application/User/user_interface.o
LOAD Drivers/CMSIS/system_stm32g4xx.o
LOAD Drivers/STM32G4xx_HAL_Driver/stm32g4xx_hal.o
LOAD Drivers/STM32G4xx_HAL_Driver/stm32g4xx_hal_adc.o
LOAD Drivers/STM32G4xx_HAL_Driver/stm32g4xx_hal_adc_ex.o
LOAD Drivers/STM32G4xx_HAL_Driver/stm32g4xx_hal_comp.o
LOAD Drivers/STM32G4xx_HAL_Driver/stm32g4xx_hal_cordic.o
LOAD Drivers/STM32G4xx_HAL_Driver/stm32g4xx_hal_cortex.o
LOAD Drivers/STM32G4xx_HAL_Driver/stm32g4xx_hal_dma.o
LOAD Drivers/STM32G4xx_HAL_Driver/stm32g4xx_hal_dma_ex.o
LOAD Drivers/STM32G4xx_HAL_Driver/stm32g4xx_hal_exti.o
LOAD Drivers/STM32G4xx_HAL_Driver/stm32g4xx_hal_fdcan.o
LOAD Drivers/STM32G4xx_HAL_Driver/stm32g4xx_hal_flash.o
LOAD Drivers/STM32G4xx_HAL_Driver/stm32g4xx_hal_flash_ex.o
LOAD Drivers/STM32G4xx_HAL_Driver/stm32g4xx_hal_flash_ramfunc.o
LOAD Drivers/STM32G4xx_HAL_Driver/stm32g4xx_hal_gpio.o
LOAD Drivers/STM32G4xx_HAL_Driver/stm32g4xx_hal_opamp.o
LOAD Drivers/STM32G4xx_HAL_Driver/stm32g4xx_hal_opamp_ex.o
LOAD Drivers/STM32G4xx_HAL_Driver/stm32g4xx_hal_pwr.o
LOAD Drivers/STM32G4xx_HAL_Driver/stm32g4xx_hal_pwr_ex.o
LOAD Drivers/STM32G4xx_HAL_Driver/stm32g4xx_hal_rcc.o
LOAD Drivers/STM32G4xx_HAL_Driver/stm32g4xx_hal_rcc_ex.o
LOAD Drivers/STM32G4xx_HAL_Driver/stm32g4xx_hal_tim.o
LOAD Drivers/STM32G4xx_HAL_Driver/stm32g4xx_hal_tim_ex.o
LOAD Drivers/STM32G4xx_HAL_Driver/stm32g4xx_hal_uart.o
LOAD Drivers/STM32G4xx_HAL_Driver/stm32g4xx_hal_uart_ex.o
LOAD Drivers/STM32G4xx_HAL_Driver/stm32g4xx_ll_adc.o
LOAD Middlewares/MotorControl/bus_voltage_sensor.o
LOAD Middlewares/MotorControl/circle_limitation.o
LOAD Middlewares/MotorControl/digital_output.o
LOAD Middlewares/MotorControl/enc_align_ctrl.o
LOAD Middlewares/MotorControl/encoder_speed_pos_fdbk.o
LOAD Middlewares/MotorControl/frame_communication_protocol.o
LOAD Middlewares/MotorControl/motor_power_measurement.o
LOAD Middlewares/MotorControl/ntc_temperature_sensor.o
LOAD Middlewares/MotorControl/open_loop.o
LOAD Middlewares/MotorControl/pid_regulator.o
LOAD Middlewares/MotorControl/pqd_motor_power_measurement.o
LOAD Middlewares/MotorControl/pwm_common.o
LOAD Middlewares/MotorControl/pwm_curr_fdbk.o
LOAD Middlewares/MotorControl/r3_2_g4xx_pwm_curr_fdbk.o
LOAD Middlewares/MotorControl/r_divider_bus_voltage_sensor.o
LOAD Middlewares/MotorControl/ramp_ext_mngr.o
LOAD Middlewares/MotorControl/speed_pos_fdbk.o
LOAD Middlewares/MotorControl/speed_torq_ctrl.o
LOAD Middlewares/MotorControl/state_machine.o
LOAD Middlewares/MotorControl/trajectory_ctrl.o
LOAD Middlewares/MotorControl/ui_irq_handler.o
LOAD Middlewares/MotorControl/usart_frame_communication_protocol.o
LOAD Middlewares/MotorControl/virtual_speed_sensor.o
LOAD ../../../MCSDK_v5.4.5/MotorControl/lib\libmc-gcc_M4_NoCCMRAM.lib
START GROUP
LOAD c:/st/stm32cubeide_1.2.0/stm32cubeide/plugins/com.st.stm32cube.ide.mcu.externaltools.gnu-tools-for-stm32.7-2018-q2-update.win32_1.5.0.202011040924/tools/bin/../lib/gcc/arm-none-eabi/7.3.1/../../../../arm-none-eabi/lib/thumb/v7e-m/fpv4-sp/hard\libc_nano.a
LOAD c:/st/stm32cubeide_1.2.0/stm32cubeide/plugins/com.st.stm32cube.ide.mcu.externaltools.gnu-tools-for-stm32.7-2018-q2-update.win32_1.5.0.202011040924/tools/bin/../lib/gcc/arm-none-eabi/7.3.1/../../../../arm-none-eabi/lib/thumb/v7e-m/fpv4-sp/hard\libm.a
END GROUP
START GROUP
LOAD c:/st/stm32cubeide_1.2.0/stm32cubeide/plugins/com.st.stm32cube.ide.mcu.externaltools.gnu-tools-for-stm32.7-2018-q2-update.win32_1.5.0.202011040924/tools/bin/../lib/gcc/arm-none-eabi/7.3.1/thumb/v7e-m/fpv4-sp/hard\libgcc.a
LOAD c:/st/stm32cubeide_1.2.0/stm32cubeide/plugins/com.st.stm32cube.ide.mcu.externaltools.gnu-tools-for-stm32.7-2018-q2-update.win32_1.5.0.202011040924/tools/bin/../lib/gcc/arm-none-eabi/7.3.1/../../../../arm-none-eabi/lib/thumb/v7e-m/fpv4-sp/hard\libc_nano.a
END GROUP
START GROUP
LOAD c:/st/stm32cubeide_1.2.0/stm32cubeide/plugins/com.st.stm32cube.ide.mcu.externaltools.gnu-tools-for-stm32.7-2018-q2-update.win32_1.5.0.202011040924/tools/bin/../lib/gcc/arm-none-eabi/7.3.1/thumb/v7e-m/fpv4-sp/hard\libgcc.a
LOAD c:/st/stm32cubeide_1.2.0/stm32cubeide/plugins/com.st.stm32cube.ide.mcu.externaltools.gnu-tools-for-stm32.7-2018-q2-update.win32_1.5.0.202011040924/tools/bin/../lib/gcc/arm-none-eabi/7.3.1/../../../../arm-none-eabi/lib/thumb/v7e-m/fpv4-sp/hard\libc_nano.a
LOAD c:/st/stm32cubeide_1.2.0/stm32cubeide/plugins/com.st.stm32cube.ide.mcu.externaltools.gnu-tools-for-stm32.7-2018-q2-update.win32_1.5.0.202011040924/tools/bin/../lib/gcc/arm-none-eabi/7.3.1/../../../../arm-none-eabi/lib/thumb/v7e-m/fpv4-sp/hard\libnosys.a
END GROUP
START GROUP
LOAD c:/st/stm32cubeide_1.2.0/stm32cubeide/plugins/com.st.stm32cube.ide.mcu.externaltools.gnu-tools-for-stm32.7-2018-q2-update.win32_1.5.0.202011040924/tools/bin/../lib/gcc/arm-none-eabi/7.3.1/thumb/v7e-m/fpv4-sp/hard\libgcc.a
LOAD c:/st/stm32cubeide_1.2.0/stm32cubeide/plugins/com.st.stm32cube.ide.mcu.externaltools.gnu-tools-for-stm32.7-2018-q2-update.win32_1.5.0.202011040924/tools/bin/../lib/gcc/arm-none-eabi/7.3.1/../../../../arm-none-eabi/lib/thumb/v7e-m/fpv4-sp/hard\libc_nano.a
LOAD c:/st/stm32cubeide_1.2.0/stm32cubeide/plugins/com.st.stm32cube.ide.mcu.externaltools.gnu-tools-for-stm32.7-2018-q2-update.win32_1.5.0.202011040924/tools/bin/../lib/gcc/arm-none-eabi/7.3.1/../../../../arm-none-eabi/lib/thumb/v7e-m/fpv4-sp/hard\libnosys.a
END GROUP
LOAD c:/st/stm32cubeide_1.2.0/stm32cubeide/plugins/com.st.stm32cube.ide.mcu.externaltools.gnu-tools-for-stm32.7-2018-q2-update.win32_1.5.0.202011040924/tools/bin/../lib/gcc/arm-none-eabi/7.3.1/thumb/v7e-m/fpv4-sp/hard/crtend.o
LOAD c:/st/stm32cubeide_1.2.0/stm32cubeide/plugins/com.st.stm32cube.ide.mcu.externaltools.gnu-tools-for-stm32.7-2018-q2-update.win32_1.5.0.202011040924/tools/bin/../lib/gcc/arm-none-eabi/7.3.1/thumb/v7e-m/fpv4-sp/hard/crtn.o
                0x0000000020008000                _estack = 0x20008000
                0x0000000000000200                _Min_Heap_Size = 0x200
                0x0000000000000400                _Min_Stack_Size = 0x400

.isr_vector     0x0000000008000000      0x1d8
                0x0000000008000000                . = ALIGN (0x4)
 *(.isr_vector)
 .isr_vector    0x0000000008000000      0x1d8 Application/SW4STM32/startup_stm32g431xx.o
                0x0000000008000000                g_pfnVectors
                0x00000000080001d8                . = ALIGN (0x4)

.text           0x00000000080001d8     0x9918
                0x00000000080001d8                . = ALIGN (0x4)
 *(.text)
 .text          0x00000000080001d8       0x40 c:/st/stm32cubeide_1.2.0/stm32cubeide/plugins/com.st.stm32cube.ide.mcu.externaltools.gnu-tools-for-stm32.7-2018-q2-update.win32_1.5.0.202011040924/tools/bin/../lib/gcc/arm-none-eabi/7.3.1/thumb/v7e-m/fpv4-sp/hard/crtbegin.o
 .text          0x0000000008000218       0x30 c:/st/stm32cubeide_1.2.0/stm32cubeide/plugins/com.st.stm32cube.ide.mcu.externaltools.gnu-tools-for-stm32.7-2018-q2-update.win32_1.5.0.202011040924/tools/bin/../lib/gcc/arm-none-eabi/7.3.1/thumb/v7e-m/fpv4-sp/hard\libgcc.a(_aeabi_uldivmod.o)
                0x0000000008000218                __aeabi_uldivmod
 .text          0x0000000008000248      0x2cc c:/st/stm32cubeide_1.2.0/stm32cubeide/plugins/com.st.stm32cube.ide.mcu.externaltools.gnu-tools-for-stm32.7-2018-q2-update.win32_1.5.0.202011040924/tools/bin/../lib/gcc/arm-none-eabi/7.3.1/thumb/v7e-m/fpv4-sp/hard\libgcc.a(_udivmoddi4.o)
                0x0000000008000248                __udivmoddi4
 .text          0x0000000008000514        0x4 c:/st/stm32cubeide_1.2.0/stm32cubeide/plugins/com.st.stm32cube.ide.mcu.externaltools.gnu-tools-for-stm32.7-2018-q2-update.win32_1.5.0.202011040924/tools/bin/../lib/gcc/arm-none-eabi/7.3.1/thumb/v7e-m/fpv4-sp/hard\libgcc.a(_dvmd_tls.o)
                0x0000000008000514                __aeabi_idiv0
                0x0000000008000514                __aeabi_ldiv0
 *(.text*)
 .text.Reset_Handler
                0x0000000008000518       0x50 Application/SW4STM32/startup_stm32g431xx.o
                0x0000000008000518                Reset_Handler
 .text.Default_Handler
                0x0000000008000568        0x2 Application/SW4STM32/startup_stm32g431xx.o
                0x0000000008000568                RTC_Alarm_IRQHandler
                0x0000000008000568                EXTI2_IRQHandler
                0x0000000008000568                TIM8_TRG_COM_IRQHandler
                0x0000000008000568                TIM8_CC_IRQHandler
                0x0000000008000568                DebugMon_Handler
                0x0000000008000568                TIM1_CC_IRQHandler
                0x0000000008000568                USB_HP_IRQHandler
                0x0000000008000568                CORDIC_IRQHandler
                0x0000000008000568                PendSV_Handler
                0x0000000008000568                NMI_Handler
                0x0000000008000568                EXTI3_IRQHandler
                0x0000000008000568                I2C3_ER_IRQHandler
                0x0000000008000568                EXTI0_IRQHandler
                0x0000000008000568                I2C2_EV_IRQHandler
                0x0000000008000568                FPU_IRQHandler
                0x0000000008000568                UsageFault_Handler
                0x0000000008000568                SPI1_IRQHandler
                0x0000000008000568                TIM6_DAC_IRQHandler
                0x0000000008000568                TIM8_UP_IRQHandler
                0x0000000008000568                DMA2_Channel2_IRQHandler
                0x0000000008000568                DMA1_Channel4_IRQHandler
                0x0000000008000568                USART3_IRQHandler
                0x0000000008000568                DMA2_Channel1_IRQHandler
                0x0000000008000568                I2C1_EV_IRQHandler
                0x0000000008000568                DMA1_Channel6_IRQHandler
                0x0000000008000568                UART4_IRQHandler
                0x0000000008000568                DMA2_Channel4_IRQHandler
                0x0000000008000568                RCC_IRQHandler
                0x0000000008000568                DMA1_Channel1_IRQHandler
                0x0000000008000568                Default_Handler
                0x0000000008000568                RTC_TAMP_LSECSS_IRQHandler
                0x0000000008000568                FMAC_IRQHandler
                0x0000000008000568                TIM7_IRQHandler
                0x0000000008000568                UCPD1_IRQHandler
                0x0000000008000568                I2C3_EV_IRQHandler
                0x0000000008000568                RTC_WKUP_IRQHandler
                0x0000000008000568                PVD_PVM_IRQHandler
                0x0000000008000568                SPI2_IRQHandler
                0x0000000008000568                MemManage_Handler
                0x0000000008000568                SVC_Handler
                0x0000000008000568                DMA2_Channel5_IRQHandler
                0x0000000008000568                CRS_IRQHandler
                0x0000000008000568                DMA1_Channel5_IRQHandler
                0x0000000008000568                USB_LP_IRQHandler
                0x0000000008000568                EXTI4_IRQHandler
                0x0000000008000568                RNG_IRQHandler
                0x0000000008000568                TIM1_TRG_COM_TIM17_IRQHandler
                0x0000000008000568                DMA1_Channel3_IRQHandler
                0x0000000008000568                WWDG_IRQHandler
                0x0000000008000568                LPUART1_IRQHandler
                0x0000000008000568                DMA2_Channel6_IRQHandler
                0x0000000008000568                COMP1_2_3_IRQHandler
                0x0000000008000568                EXTI1_IRQHandler
                0x0000000008000568                I2C2_ER_IRQHandler
                0x0000000008000568                DMA1_Channel2_IRQHandler
                0x0000000008000568                TIM8_BRK_IRQHandler
                0x0000000008000568                FLASH_IRQHandler
                0x0000000008000568                BusFault_Handler
                0x0000000008000568                USART1_IRQHandler
                0x0000000008000568                SPI3_IRQHandler
                0x0000000008000568                I2C1_ER_IRQHandler
                0x0000000008000568                LPTIM1_IRQHandler
                0x0000000008000568                DMAMUX_OVR_IRQHandler
                0x0000000008000568                USBWakeUp_IRQHandler
                0x0000000008000568                SAI1_IRQHandler
                0x0000000008000568                DMA2_Channel3_IRQHandler
                0x0000000008000568                COMP4_IRQHandler
 *fill*         0x000000000800056a        0x2 
 .text.SystemClock_Config
                0x000000000800056c       0x98 Application/User/main.o
                0x000000000800056c                SystemClock_Config
 .text.startup.main
                0x0000000008000604      0x7e8 Application/User/main.o
                0x0000000008000604                main
 .text.Start    0x0000000008000dec       0x24 Application/User/main.o
                0x0000000008000dec                Start
 .text.Stop     0x0000000008000e10       0x24 Application/User/main.o
                0x0000000008000e10                Stop
 .text.Motor_Init
                0x0000000008000e34       0x40 Application/User/main.o
                0x0000000008000e34                Motor_Init
 .text.HAL_FDCAN_RxFifo0Callback
                0x0000000008000e74       0xe0 Application/User/main.o
                0x0000000008000e74                HAL_FDCAN_RxFifo0Callback
 .text.HAL_TIM_PeriodElapsedCallback
                0x0000000008000f54       0x34 Application/User/main.o
                0x0000000008000f54                HAL_TIM_PeriodElapsedCallback
 .text.MC_StartMotor1
                0x0000000008000f88        0xc Application/User/mc_api.o
                0x0000000008000f88                MC_StartMotor1
 .text.MC_StopMotor1
                0x0000000008000f94        0xc Application/User/mc_api.o
                0x0000000008000f94                MC_StopMotor1
 .text.MC_ProgramPositionCommandMotor1
                0x0000000008000fa0        0xc Application/User/mc_api.o
                0x0000000008000fa0                MC_ProgramPositionCommandMotor1
 .text.MC_AcknowledgeFaultMotor1
                0x0000000008000fac        0xc Application/User/mc_api.o
                0x0000000008000fac                MC_AcknowledgeFaultMotor1
 .text.MC_GetSTMStateMotor1
                0x0000000008000fb8        0xc Application/User/mc_api.o
                0x0000000008000fb8                MC_GetSTMStateMotor1
 .text.MCI_Init
                0x0000000008000fc4       0x20 Application/User/mc_interface.o
                0x0000000008000fc4                MCI_Init
 .text.MCI_ExecSpeedRamp
                0x0000000008000fe4       0x10 Application/User/mc_interface.o
                0x0000000008000fe4                MCI_ExecSpeedRamp
 .text.MCI_ExecTorqueRamp
                0x0000000008000ff4       0x18 Application/User/mc_interface.o
                0x0000000008000ff4                MCI_ExecTorqueRamp
 .text.MCI_SetCurrentReferences
                0x000000000800100c       0x1c Application/User/mc_interface.o
                0x000000000800100c                MCI_SetCurrentReferences
 .text.MCI_ExecPositionCommand
                0x0000000008001028       0x74 Application/User/mc_interface.o
                0x0000000008001028                MCI_ExecPositionCommand
 .text.MCI_StartMotor
                0x000000000800109c       0x14 Application/User/mc_interface.o
                0x000000000800109c                MCI_StartMotor
 .text.MCI_StopMotor
                0x00000000080010b0        0x8 Application/User/mc_interface.o
                0x00000000080010b0                MCI_StopMotor
 .text.MCI_FaultAcknowledged
                0x00000000080010b8        0x8 Application/User/mc_interface.o
                0x00000000080010b8                MCI_FaultAcknowledged
 .text.MCI_EncoderAlign
                0x00000000080010c0        0x8 Application/User/mc_interface.o
                0x00000000080010c0                MCI_EncoderAlign
 .text.MCI_ExecBufferedCommands
                0x00000000080010c8       0x74 Application/User/mc_interface.o
                0x00000000080010c8                MCI_ExecBufferedCommands
 .text.MCI_GetSTMState
                0x000000000800113c        0x8 Application/User/mc_interface.o
                0x000000000800113c                MCI_GetSTMState
 .text.MCI_GetControlMode
                0x0000000008001144        0x4 Application/User/mc_interface.o
                0x0000000008001144                MCI_GetControlMode
 .text.MCI_GetLastRampFinalSpeed
                0x0000000008001148       0x10 Application/User/mc_interface.o
                0x0000000008001148                MCI_GetLastRampFinalSpeed
 .text.MCI_StopRamp
                0x0000000008001158        0x8 Application/User/mc_interface.o
                0x0000000008001158                MCI_StopRamp
 .text.MCI_GetAvrgMecSpeedUnit
                0x0000000008001160       0x10 Application/User/mc_interface.o
                0x0000000008001160                MCI_GetAvrgMecSpeedUnit
 .text.MCI_GetMecSpeedRefUnit
                0x0000000008001170        0x8 Application/User/mc_interface.o
                0x0000000008001170                MCI_GetMecSpeedRefUnit
 .text.MCI_GetIab
                0x0000000008001178       0x10 Application/User/mc_interface.o
                0x0000000008001178                MCI_GetIab
 .text.MCI_GetIalphabeta
                0x0000000008001188       0x10 Application/User/mc_interface.o
                0x0000000008001188                MCI_GetIalphabeta
 .text.MCI_GetIqd
                0x0000000008001198       0x10 Application/User/mc_interface.o
                0x0000000008001198                MCI_GetIqd
 .text.MCI_GetIqdref
                0x00000000080011a8       0x10 Application/User/mc_interface.o
                0x00000000080011a8                MCI_GetIqdref
 .text.MCI_GetVqd
                0x00000000080011b8       0x14 Application/User/mc_interface.o
                0x00000000080011b8                MCI_GetVqd
 .text.MCI_GetValphabeta
                0x00000000080011cc       0x14 Application/User/mc_interface.o
                0x00000000080011cc                MCI_GetValphabeta
 .text.MCI_GetTeref
                0x00000000080011e0        0x8 Application/User/mc_interface.o
                0x00000000080011e0                MCI_GetTeref
 .text.MCI_SetIdref
                0x00000000080011e8        0x8 Application/User/mc_interface.o
                0x00000000080011e8                MCI_SetIdref
 .text.MCI_Clear_Iqdref
                0x00000000080011f0       0x14 Application/User/mc_interface.o
                0x00000000080011f0                MCI_Clear_Iqdref
 .text.MCM_Clarke
                0x0000000008001204       0x4c Application/User/mc_math.o
                0x0000000008001204                MCM_Clarke
 .text.MCM_Trig_Functions
                0x0000000008001250       0x30 Application/User/mc_math.o
                0x0000000008001250                MCM_Trig_Functions
 .text.MCM_Park
                0x0000000008001280       0x74 Application/User/mc_math.o
                0x0000000008001280                MCM_Park
 .text.MCM_Rev_Park
                0x00000000080012f4       0x3c Application/User/mc_math.o
                0x00000000080012f4                MCM_Rev_Park
 .text.FOC_Clear
                0x0000000008001330       0x7c Application/User/mc_tasks.o
                0x0000000008001330                FOC_Clear
 .text.MCboot   0x00000000080013ac      0x24c Application/User/mc_tasks.o
                0x00000000080013ac                MCboot
 .text.FOC_InitAdditionalMethods
                0x00000000080015f8        0x4 Application/User/mc_tasks.o
                0x00000000080015f8                FOC_InitAdditionalMethods
 .text.FOC_CalcCurrRef
                0x00000000080015fc       0x2c Application/User/mc_tasks.o
                0x00000000080015fc                FOC_CalcCurrRef
 .text.TSK_SetChargeBootCapDelayM1
                0x0000000008001628        0xc Application/User/mc_tasks.o
                0x0000000008001628                TSK_SetChargeBootCapDelayM1
 .text.TSK_ChargeBootCapDelayHasElapsedM1
                0x0000000008001634       0x14 Application/User/mc_tasks.o
                0x0000000008001634                TSK_ChargeBootCapDelayHasElapsedM1
 .text.TSK_SetStopPermanencyTimeM1
                0x0000000008001648        0xc Application/User/mc_tasks.o
                0x0000000008001648                TSK_SetStopPermanencyTimeM1
 .text.TSK_StopPermanencyTimeHasElapsedM1
                0x0000000008001654       0x14 Application/User/mc_tasks.o
                0x0000000008001654                TSK_StopPermanencyTimeHasElapsedM1
 .text.TSK_MediumFrequencyTaskM1
                0x0000000008001668      0x274 Application/User/mc_tasks.o
                0x0000000008001668                TSK_MediumFrequencyTaskM1
 .text.MC_Scheduler
                0x00000000080018dc       0x48 Application/User/mc_tasks.o
                0x00000000080018dc                MC_Scheduler
 .text.TSK_HighFrequencyTask
                0x0000000008001924       0xf4 Application/User/mc_tasks.o
                0x0000000008001924                TSK_HighFrequencyTask
 .text.TSK_SafetyTask_PWMOFF
                0x0000000008001a18       0xa8 Application/User/mc_tasks.o
                0x0000000008001a18                TSK_SafetyTask_PWMOFF
 .text.TSK_SafetyTask
                0x0000000008001ac0       0x20 Application/User/mc_tasks.o
                0x0000000008001ac0                TSK_SafetyTask
 .text.MC_RunMotorControlTasks
                0x0000000008001ae0       0x20 Application/User/mc_tasks.o
                0x0000000008001ae0                MC_RunMotorControlTasks
 .text.TSK_HardwareFaultTask
                0x0000000008001b00       0x20 Application/User/mc_tasks.o
                0x0000000008001b00                TSK_HardwareFaultTask
 .text.mc_lock_pins
                0x0000000008001b20      0x1b4 Application/User/mc_tasks.o
                0x0000000008001b20                mc_lock_pins
 .text.MCP_ReceivedFrame
                0x0000000008001cd4      0x60c Application/User/motor_control_protocol.o
                0x0000000008001cd4                MCP_ReceivedFrame
 .text.MCP_WaitNextFrame
                0x00000000080022e0       0x1c Application/User/motor_control_protocol.o
                0x00000000080022e0                MCP_WaitNextFrame
 .text.MCP_Init
                0x00000000080022fc       0x40 Application/User/motor_control_protocol.o
                0x00000000080022fc                MCP_Init
 .text.MCP_OnTimeOut
                0x000000000800233c        0x8 Application/User/motor_control_protocol.o
                0x000000000800233c                MCP_OnTimeOut
 .text.MCP_SentFrame
                0x0000000008002344        0x8 Application/User/motor_control_protocol.o
                0x0000000008002344                MCP_SentFrame
 .text.MX_MotorControl_Init
                0x000000000800234c       0x4c Application/User/motorcontrol.o
                0x000000000800234c                MX_MotorControl_Init
 .text.RCM_RegisterRegConv
                0x0000000008002398      0x1a0 Application/User/regular_conversion_manager.o
                0x0000000008002398                RCM_RegisterRegConv
 .text.RCM_ExecRegularConv
                0x0000000008002538      0x180 Application/User/regular_conversion_manager.o
                0x0000000008002538                RCM_ExecRegularConv
 .text.RCM_ExecUserConv
                0x00000000080026b8      0x1d4 Application/User/regular_conversion_manager.o
                0x00000000080026b8                RCM_ExecUserConv
 .text.RCM_ExecNextConv
                0x000000000800288c       0x84 Application/User/regular_conversion_manager.o
                0x000000000800288c                RCM_ExecNextConv
 .text.RCM_ReadOngoingConv
                0x0000000008002910       0x48 Application/User/regular_conversion_manager.o
                0x0000000008002910                RCM_ReadOngoingConv
 .text.HAL_MspInit
                0x0000000008002958       0x40 Application/User/stm32g4xx_hal_msp.o
                0x0000000008002958                HAL_MspInit
 .text.HAL_ADC_MspInit
                0x0000000008002998       0xf0 Application/User/stm32g4xx_hal_msp.o
                0x0000000008002998                HAL_ADC_MspInit
 .text.HAL_COMP_MspInit
                0x0000000008002a88       0xc8 Application/User/stm32g4xx_hal_msp.o
                0x0000000008002a88                HAL_COMP_MspInit
 .text.HAL_CORDIC_MspInit
                0x0000000008002b50       0x30 Application/User/stm32g4xx_hal_msp.o
                0x0000000008002b50                HAL_CORDIC_MspInit
 .text.HAL_FDCAN_MspInit
                0x0000000008002b80       0xb0 Application/User/stm32g4xx_hal_msp.o
                0x0000000008002b80                HAL_FDCAN_MspInit
 .text.HAL_OPAMP_MspInit
                0x0000000008002c30       0xc4 Application/User/stm32g4xx_hal_msp.o
                0x0000000008002c30                HAL_OPAMP_MspInit
 .text.HAL_TIM_Base_MspInit
                0x0000000008002cf4       0x9c Application/User/stm32g4xx_hal_msp.o
                0x0000000008002cf4                HAL_TIM_Base_MspInit
 .text.HAL_TIM_Encoder_MspInit
                0x0000000008002d90       0x68 Application/User/stm32g4xx_hal_msp.o
                0x0000000008002d90                HAL_TIM_Encoder_MspInit
 .text.HAL_TIM_MspPostInit
                0x0000000008002df8       0xb4 Application/User/stm32g4xx_hal_msp.o
                0x0000000008002df8                HAL_TIM_MspPostInit
 .text.HAL_UART_MspInit
                0x0000000008002eac       0x68 Application/User/stm32g4xx_hal_msp.o
                0x0000000008002eac                HAL_UART_MspInit
 .text.FDCAN1_IT0_IRQHandler
                0x0000000008002f14        0xc Application/User/stm32g4xx_it.o
                0x0000000008002f14                FDCAN1_IT0_IRQHandler
 .text.FDCAN1_IT1_IRQHandler
                0x0000000008002f20        0xc Application/User/stm32g4xx_it.o
                0x0000000008002f20                FDCAN1_IT1_IRQHandler
 .text.TIM2_IRQHandler
                0x0000000008002f2c        0xc Application/User/stm32g4xx_it.o
                0x0000000008002f2c                TIM2_IRQHandler
 .text.TIM3_IRQHandler
                0x0000000008002f38        0xc Application/User/stm32g4xx_it.o
                0x0000000008002f38                TIM3_IRQHandler
 .text.ADC1_2_IRQHandler
                0x0000000008002f44        0xc Application/User/stm32g4xx_mc_it.o
                0x0000000008002f44                ADC1_2_IRQHandler
 .text.TIM1_UP_TIM16_IRQHandler
                0x0000000008002f50       0x18 Application/User/stm32g4xx_mc_it.o
                0x0000000008002f50                TIM1_UP_TIM16_IRQHandler
 .text.TIM1_BRK_TIM15_IRQHandler
                0x0000000008002f68       0x3c Application/User/stm32g4xx_mc_it.o
                0x0000000008002f68                TIM1_BRK_TIM15_IRQHandler
 .text.TIM4_IRQHandler
                0x0000000008002fa4       0x20 Application/User/stm32g4xx_mc_it.o
                0x0000000008002fa4                TIM4_IRQHandler
 .text.USART2_IRQHandler
                0x0000000008002fc4       0x6c Application/User/stm32g4xx_mc_it.o
                0x0000000008002fc4                USART2_IRQHandler
 .text.HardFault_Handler
                0x0000000008003030       0x74 Application/User/stm32g4xx_mc_it.o
                0x0000000008003030                HardFault_Handler
 .text.SysTick_Handler
                0x00000000080030a4       0x34 Application/User/stm32g4xx_mc_it.o
                0x00000000080030a4                SysTick_Handler
 .text.EXTI15_10_IRQHandler
                0x00000000080030d8       0x18 Application/User/stm32g4xx_mc_it.o
                0x00000000080030d8                EXTI15_10_IRQHandler
 .text.EXTI9_5_IRQHandler
                0x00000000080030f0       0x20 Application/User/stm32g4xx_mc_it.o
                0x00000000080030f0                EXTI9_5_IRQHandler
 .text.UI_TaskInit
                0x0000000008003110       0x7c Application/User/ui_task.o
                0x0000000008003110                UI_TaskInit
 .text.UI_Scheduler
                0x000000000800318c       0x38 Application/User/ui_task.o
                0x000000000800318c                UI_Scheduler
 .text.UI_SerialCommunicationTimeOutStop
                0x00000000080031c4        0xc Application/User/ui_task.o
                0x00000000080031c4                UI_SerialCommunicationTimeOutStop
 .text.UI_SerialCommunicationTimeOutStart
                0x00000000080031d0        0xc Application/User/ui_task.o
                0x00000000080031d0                UI_SerialCommunicationTimeOutStart
 .text.UI_HandleStartStopButton_cb
                0x00000000080031dc       0x18 Application/User/ui_task.o
                0x00000000080031dc                UI_HandleStartStopButton_cb
 .text.UI_Init  0x00000000080031f4       0x14 Application/User/user_interface.o
                0x00000000080031f4                UI_Init
 .text.UI_SelectMC
                0x0000000008003208       0x10 Application/User/user_interface.o
                0x0000000008003208                UI_SelectMC
 .text.UI_GetSelectedMC
                0x0000000008003218        0x4 Application/User/user_interface.o
                0x0000000008003218                UI_GetSelectedMC
 .text.UI_SetReg
                0x000000000800321c      0x1e0 Application/User/user_interface.o
                0x000000000800321c                UI_SetReg
 .text.UI_GetReg
                0x00000000080033fc      0x48c Application/User/user_interface.o
                0x00000000080033fc                UI_GetReg
 .text.UI_ExecCmd
                0x0000000008003888       0x78 Application/User/user_interface.o
                0x0000000008003888                UI_ExecCmd
 .text.UI_ExecSpeedRamp
                0x0000000008003900       0x24 Application/User/user_interface.o
                0x0000000008003900                UI_ExecSpeedRamp
 .text.UI_ExecTorqueRamp
                0x0000000008003924       0x14 Application/User/user_interface.o
                0x0000000008003924                UI_ExecTorqueRamp
 .text.UI_ExecPositionCmd
                0x0000000008003938       0x14 Application/User/user_interface.o
                0x0000000008003938                UI_ExecPositionCmd
 .text.UI_GetRevupData
                0x000000000800394c       0x38 Application/User/user_interface.o
                0x000000000800394c                UI_GetRevupData
 .text.UI_SetRevupData
                0x0000000008003984       0x34 Application/User/user_interface.o
                0x0000000008003984                UI_SetRevupData
 .text.UI_SetCurrentReferences
                0x00000000080039b8       0x1c Application/User/user_interface.o
                0x00000000080039b8                UI_SetCurrentReferences
 .text.UI_GetMPInfo
                0x00000000080039d4        0x4 Application/User/user_interface.o
                0x00000000080039d4                UI_GetMPInfo
 .text.SystemInit
                0x00000000080039d8       0x1c Drivers/CMSIS/system_stm32g4xx.o
                0x00000000080039d8                SystemInit
 .text.HAL_InitTick
                0x00000000080039f4       0x48 Drivers/STM32G4xx_HAL_Driver/stm32g4xx_hal.o
                0x00000000080039f4                HAL_InitTick
 .text.HAL_Init
                0x0000000008003a3c       0x28 Drivers/STM32G4xx_HAL_Driver/stm32g4xx_hal.o
                0x0000000008003a3c                HAL_Init
 .text.HAL_IncTick
                0x0000000008003a64       0x18 Drivers/STM32G4xx_HAL_Driver/stm32g4xx_hal.o
                0x0000000008003a64                HAL_IncTick
 .text.HAL_GetTick
                0x0000000008003a7c        0xc Drivers/STM32G4xx_HAL_Driver/stm32g4xx_hal.o
                0x0000000008003a7c                HAL_GetTick
 .text.HAL_ADC_Init
                0x0000000008003a88      0x21c Drivers/STM32G4xx_HAL_Driver/stm32g4xx_hal_adc.o
                0x0000000008003a88                HAL_ADC_Init
 .text.HAL_ADC_ConfigChannel
                0x0000000008003ca4      0x468 Drivers/STM32G4xx_HAL_Driver/stm32g4xx_hal_adc.o
                0x0000000008003ca4                HAL_ADC_ConfigChannel
 .text.HAL_ADCEx_InjectedConfigChannel
                0x000000000800410c      0x5a0 Drivers/STM32G4xx_HAL_Driver/stm32g4xx_hal_adc_ex.o
                0x000000000800410c                HAL_ADCEx_InjectedConfigChannel
 .text.HAL_ADCEx_MultiModeConfigChannel
                0x00000000080046ac       0xd4 Drivers/STM32G4xx_HAL_Driver/stm32g4xx_hal_adc_ex.o
                0x00000000080046ac                HAL_ADCEx_MultiModeConfigChannel
 .text.HAL_COMP_Init
                0x0000000008004780      0x148 Drivers/STM32G4xx_HAL_Driver/stm32g4xx_hal_comp.o
                0x0000000008004780                HAL_COMP_Init
 .text.HAL_CORDIC_Init
                0x00000000080048c8       0x34 Drivers/STM32G4xx_HAL_Driver/stm32g4xx_hal_cordic.o
                0x00000000080048c8                HAL_CORDIC_Init
 .text.HAL_NVIC_SetPriorityGrouping
                0x00000000080048fc       0x24 Drivers/STM32G4xx_HAL_Driver/stm32g4xx_hal_cortex.o
                0x00000000080048fc                HAL_NVIC_SetPriorityGrouping
 .text.HAL_NVIC_SetPriority
                0x0000000008004920       0x6c Drivers/STM32G4xx_HAL_Driver/stm32g4xx_hal_cortex.o
                0x0000000008004920                HAL_NVIC_SetPriority
 .text.HAL_NVIC_EnableIRQ
                0x000000000800498c       0x1c Drivers/STM32G4xx_HAL_Driver/stm32g4xx_hal_cortex.o
                0x000000000800498c                HAL_NVIC_EnableIRQ
 .text.HAL_SYSTICK_Config
                0x00000000080049a8       0x34 Drivers/STM32G4xx_HAL_Driver/stm32g4xx_hal_cortex.o
                0x00000000080049a8                HAL_SYSTICK_Config
 .text.HAL_SYSTICK_Callback
                0x00000000080049dc        0x4 Drivers/STM32G4xx_HAL_Driver/stm32g4xx_hal_cortex.o
                0x00000000080049dc                HAL_SYSTICK_Callback
 .text.HAL_SYSTICK_IRQHandler
                0x00000000080049e0        0x8 Drivers/STM32G4xx_HAL_Driver/stm32g4xx_hal_cortex.o
                0x00000000080049e0                HAL_SYSTICK_IRQHandler
 .text.HAL_FDCAN_Init
                0x00000000080049e8      0x1e4 Drivers/STM32G4xx_HAL_Driver/stm32g4xx_hal_fdcan.o
                0x00000000080049e8                HAL_FDCAN_Init
 .text.HAL_FDCAN_Start
                0x0000000008004bcc       0x30 Drivers/STM32G4xx_HAL_Driver/stm32g4xx_hal_fdcan.o
                0x0000000008004bcc                HAL_FDCAN_Start
 .text.HAL_FDCAN_GetRxMessage
                0x0000000008004bfc       0xf0 Drivers/STM32G4xx_HAL_Driver/stm32g4xx_hal_fdcan.o
                0x0000000008004bfc                HAL_FDCAN_GetRxMessage
 .text.HAL_FDCAN_ActivateNotification
                0x0000000008004cec       0xe4 Drivers/STM32G4xx_HAL_Driver/stm32g4xx_hal_fdcan.o
                0x0000000008004cec                HAL_FDCAN_ActivateNotification
 .text.HAL_FDCAN_TxEventFifoCallback
                0x0000000008004dd0        0x4 Drivers/STM32G4xx_HAL_Driver/stm32g4xx_hal_fdcan.o
                0x0000000008004dd0                HAL_FDCAN_TxEventFifoCallback
 .text.HAL_FDCAN_RxFifo1Callback
                0x0000000008004dd4        0x4 Drivers/STM32G4xx_HAL_Driver/stm32g4xx_hal_fdcan.o
                0x0000000008004dd4                HAL_FDCAN_RxFifo1Callback
 .text.HAL_FDCAN_TxFifoEmptyCallback
                0x0000000008004dd8        0x4 Drivers/STM32G4xx_HAL_Driver/stm32g4xx_hal_fdcan.o
                0x0000000008004dd8                HAL_FDCAN_TxFifoEmptyCallback
 .text.HAL_FDCAN_TxBufferCompleteCallback
                0x0000000008004ddc        0x4 Drivers/STM32G4xx_HAL_Driver/stm32g4xx_hal_fdcan.o
                0x0000000008004ddc                HAL_FDCAN_TxBufferCompleteCallback
 .text.HAL_FDCAN_TxBufferAbortCallback
                0x0000000008004de0        0x4 Drivers/STM32G4xx_HAL_Driver/stm32g4xx_hal_fdcan.o
                0x0000000008004de0                HAL_FDCAN_TxBufferAbortCallback
 .text.HAL_FDCAN_TimestampWraparoundCallback
                0x0000000008004de4        0x4 Drivers/STM32G4xx_HAL_Driver/stm32g4xx_hal_fdcan.o
                0x0000000008004de4                HAL_FDCAN_TimestampWraparoundCallback
 .text.HAL_FDCAN_TimeoutOccurredCallback
                0x0000000008004de8        0x4 Drivers/STM32G4xx_HAL_Driver/stm32g4xx_hal_fdcan.o
                0x0000000008004de8                HAL_FDCAN_TimeoutOccurredCallback
 .text.HAL_FDCAN_HighPriorityMessageCallback
                0x0000000008004dec        0x4 Drivers/STM32G4xx_HAL_Driver/stm32g4xx_hal_fdcan.o
                0x0000000008004dec                HAL_FDCAN_HighPriorityMessageCallback
 .text.HAL_FDCAN_ErrorCallback
                0x0000000008004df0        0x4 Drivers/STM32G4xx_HAL_Driver/stm32g4xx_hal_fdcan.o
                0x0000000008004df0                HAL_FDCAN_ErrorCallback
 .text.HAL_FDCAN_ErrorStatusCallback
                0x0000000008004df4        0x4 Drivers/STM32G4xx_HAL_Driver/stm32g4xx_hal_fdcan.o
                0x0000000008004df4                HAL_FDCAN_ErrorStatusCallback
 .text.HAL_FDCAN_IRQHandler
                0x0000000008004df8      0x194 Drivers/STM32G4xx_HAL_Driver/stm32g4xx_hal_fdcan.o
                0x0000000008004df8                HAL_FDCAN_IRQHandler
 .text.HAL_GPIO_Init
                0x0000000008004f8c      0x1b8 Drivers/STM32G4xx_HAL_Driver/stm32g4xx_hal_gpio.o
                0x0000000008004f8c                HAL_GPIO_Init
 .text.HAL_GPIO_WritePin
                0x0000000008005144        0xc Drivers/STM32G4xx_HAL_Driver/stm32g4xx_hal_gpio.o
                0x0000000008005144                HAL_GPIO_WritePin
 .text.HAL_GPIO_TogglePin
                0x0000000008005150       0x14 Drivers/STM32G4xx_HAL_Driver/stm32g4xx_hal_gpio.o
                0x0000000008005150                HAL_GPIO_TogglePin
 .text.HAL_OPAMP_Init
                0x0000000008005164      0x108 Drivers/STM32G4xx_HAL_Driver/stm32g4xx_hal_opamp.o
                0x0000000008005164                HAL_OPAMP_Init
 .text.HAL_PWREx_ControlVoltageScaling
                0x000000000800526c       0xfc Drivers/STM32G4xx_HAL_Driver/stm32g4xx_hal_pwr_ex.o
                0x000000000800526c                HAL_PWREx_ControlVoltageScaling
 .text.HAL_PWREx_DisableUCPDDeadBattery
                0x0000000008005368       0x10 Drivers/STM32G4xx_HAL_Driver/stm32g4xx_hal_pwr_ex.o
                0x0000000008005368                HAL_PWREx_DisableUCPDDeadBattery
 .text.HAL_RCC_OscConfig
                0x0000000008005378      0x4a4 Drivers/STM32G4xx_HAL_Driver/stm32g4xx_hal_rcc.o
                0x0000000008005378                HAL_RCC_OscConfig
 .text.HAL_RCC_ClockConfig
                0x000000000800581c      0x2dc Drivers/STM32G4xx_HAL_Driver/stm32g4xx_hal_rcc.o
                0x000000000800581c                HAL_RCC_ClockConfig
 .text.HAL_RCC_GetSysClockFreq
                0x0000000008005af8       0x70 Drivers/STM32G4xx_HAL_Driver/stm32g4xx_hal_rcc.o
                0x0000000008005af8                HAL_RCC_GetSysClockFreq
 .text.HAL_RCC_GetHCLKFreq
                0x0000000008005b68        0xc Drivers/STM32G4xx_HAL_Driver/stm32g4xx_hal_rcc.o
                0x0000000008005b68                HAL_RCC_GetHCLKFreq
 .text.HAL_RCC_GetPCLK1Freq
                0x0000000008005b74       0x24 Drivers/STM32G4xx_HAL_Driver/stm32g4xx_hal_rcc.o
                0x0000000008005b74                HAL_RCC_GetPCLK1Freq
 .text.HAL_RCC_GetPCLK2Freq
                0x0000000008005b98       0x24 Drivers/STM32G4xx_HAL_Driver/stm32g4xx_hal_rcc.o
                0x0000000008005b98                HAL_RCC_GetPCLK2Freq
 .text.HAL_RCCEx_PeriphCLKConfig
                0x0000000008005bbc      0x298 Drivers/STM32G4xx_HAL_Driver/stm32g4xx_hal_rcc_ex.o
                0x0000000008005bbc                HAL_RCCEx_PeriphCLKConfig
 .text.HAL_TIM_Base_Init
                0x0000000008005e54      0x13c Drivers/STM32G4xx_HAL_Driver/stm32g4xx_hal_tim.o
                0x0000000008005e54                HAL_TIM_Base_Init
 .text.HAL_TIM_Base_Start_IT
                0x0000000008005f90       0x74 Drivers/STM32G4xx_HAL_Driver/stm32g4xx_hal_tim.o
                0x0000000008005f90                HAL_TIM_Base_Start_IT
 .text.HAL_TIM_Base_Stop_IT
                0x0000000008006004       0x30 Drivers/STM32G4xx_HAL_Driver/stm32g4xx_hal_tim.o
                0x0000000008006004                HAL_TIM_Base_Stop_IT
 .text.HAL_TIM_PWM_MspInit
                0x0000000008006034        0x4 Drivers/STM32G4xx_HAL_Driver/stm32g4xx_hal_tim.o
                0x0000000008006034                HAL_TIM_PWM_MspInit
 .text.HAL_TIM_PWM_Init
                0x0000000008006038      0x13c Drivers/STM32G4xx_HAL_Driver/stm32g4xx_hal_tim.o
                0x0000000008006038                HAL_TIM_PWM_Init
 .text.HAL_TIM_Encoder_Init
                0x0000000008006174      0x1a4 Drivers/STM32G4xx_HAL_Driver/stm32g4xx_hal_tim.o
                0x0000000008006174                HAL_TIM_Encoder_Init
 .text.HAL_TIM_PWM_ConfigChannel
                0x0000000008006318      0x3e4 Drivers/STM32G4xx_HAL_Driver/stm32g4xx_hal_tim.o
                0x0000000008006318                HAL_TIM_PWM_ConfigChannel
 .text.HAL_TIM_ConfigClockSource
                0x00000000080066fc      0x18c Drivers/STM32G4xx_HAL_Driver/stm32g4xx_hal_tim.o
                0x00000000080066fc                HAL_TIM_ConfigClockSource
 .text.HAL_TIM_SlaveConfigSynchro
                0x0000000008006888      0x104 Drivers/STM32G4xx_HAL_Driver/stm32g4xx_hal_tim.o
                0x0000000008006888                HAL_TIM_SlaveConfigSynchro
 .text.HAL_TIM_OC_DelayElapsedCallback
                0x000000000800698c        0x4 Drivers/STM32G4xx_HAL_Driver/stm32g4xx_hal_tim.o
                0x000000000800698c                HAL_TIM_OC_DelayElapsedCallback
 .text.HAL_TIM_IC_CaptureCallback
                0x0000000008006990        0x4 Drivers/STM32G4xx_HAL_Driver/stm32g4xx_hal_tim.o
                0x0000000008006990                HAL_TIM_IC_CaptureCallback
 .text.HAL_TIM_PWM_PulseFinishedCallback
                0x0000000008006994        0x4 Drivers/STM32G4xx_HAL_Driver/stm32g4xx_hal_tim.o
                0x0000000008006994                HAL_TIM_PWM_PulseFinishedCallback
 .text.HAL_TIM_TriggerCallback
                0x0000000008006998        0x4 Drivers/STM32G4xx_HAL_Driver/stm32g4xx_hal_tim.o
                0x0000000008006998                HAL_TIM_TriggerCallback
 .text.HAL_TIM_IRQHandler
                0x000000000800699c      0x1f4 Drivers/STM32G4xx_HAL_Driver/stm32g4xx_hal_tim.o
                0x000000000800699c                HAL_TIM_IRQHandler
 .text.HAL_TIMEx_MasterConfigSynchronization
                0x0000000008006b90       0xa8 Drivers/STM32G4xx_HAL_Driver/stm32g4xx_hal_tim_ex.o
                0x0000000008006b90                HAL_TIMEx_MasterConfigSynchronization
 .text.HAL_TIMEx_ConfigBreakDeadTime
                0x0000000008006c38       0x9c Drivers/STM32G4xx_HAL_Driver/stm32g4xx_hal_tim_ex.o
                0x0000000008006c38                HAL_TIMEx_ConfigBreakDeadTime
 .text.HAL_TIMEx_ConfigBreakInput
                0x0000000008006cd4       0xa4 Drivers/STM32G4xx_HAL_Driver/stm32g4xx_hal_tim_ex.o
                0x0000000008006cd4                HAL_TIMEx_ConfigBreakInput
 .text.HAL_TIMEx_CommutCallback
                0x0000000008006d78        0x4 Drivers/STM32G4xx_HAL_Driver/stm32g4xx_hal_tim_ex.o
                0x0000000008006d78                HAL_TIMEx_CommutCallback
 .text.HAL_TIMEx_BreakCallback
                0x0000000008006d7c        0x4 Drivers/STM32G4xx_HAL_Driver/stm32g4xx_hal_tim_ex.o
                0x0000000008006d7c                HAL_TIMEx_BreakCallback
 .text.HAL_TIMEx_Break2Callback
                0x0000000008006d80        0x4 Drivers/STM32G4xx_HAL_Driver/stm32g4xx_hal_tim_ex.o
                0x0000000008006d80                HAL_TIMEx_Break2Callback
 .text.HAL_TIMEx_EncoderIndexCallback
                0x0000000008006d84        0x4 Drivers/STM32G4xx_HAL_Driver/stm32g4xx_hal_tim_ex.o
                0x0000000008006d84                HAL_TIMEx_EncoderIndexCallback
 .text.HAL_TIMEx_DirectionChangeCallback
                0x0000000008006d88        0x4 Drivers/STM32G4xx_HAL_Driver/stm32g4xx_hal_tim_ex.o
                0x0000000008006d88                HAL_TIMEx_DirectionChangeCallback
 .text.HAL_TIMEx_IndexErrorCallback
                0x0000000008006d8c        0x4 Drivers/STM32G4xx_HAL_Driver/stm32g4xx_hal_tim_ex.o
                0x0000000008006d8c                HAL_TIMEx_IndexErrorCallback
 .text.HAL_TIMEx_TransitionErrorCallback
                0x0000000008006d90        0x4 Drivers/STM32G4xx_HAL_Driver/stm32g4xx_hal_tim_ex.o
                0x0000000008006d90                HAL_TIMEx_TransitionErrorCallback
 .text.UART_AdvFeatureConfig
                0x0000000008006d94       0xb0 Drivers/STM32G4xx_HAL_Driver/stm32g4xx_hal_uart.o
                0x0000000008006d94                UART_AdvFeatureConfig
 .text.HAL_UART_Init
                0x0000000008006e44      0x44c Drivers/STM32G4xx_HAL_Driver/stm32g4xx_hal_uart.o
                0x0000000008006e44                HAL_UART_Init
 .text.HAL_UARTEx_DisableFifoMode
                0x0000000008007290       0x3c Drivers/STM32G4xx_HAL_Driver/stm32g4xx_hal_uart_ex.o
                0x0000000008007290                HAL_UARTEx_DisableFifoMode
 .text.HAL_UARTEx_SetTxFifoThreshold
                0x00000000080072cc       0xa4 Drivers/STM32G4xx_HAL_Driver/stm32g4xx_hal_uart_ex.o
                0x00000000080072cc                HAL_UARTEx_SetTxFifoThreshold
 .text.HAL_UARTEx_SetRxFifoThreshold
                0x0000000008007370       0xa4 Drivers/STM32G4xx_HAL_Driver/stm32g4xx_hal_uart_ex.o
                0x0000000008007370                HAL_UARTEx_SetRxFifoThreshold
 .text.VBS_GetAvBusVoltage_V
                0x0000000008007414        0xc Middlewares/MotorControl/bus_voltage_sensor.o
                0x0000000008007414                VBS_GetAvBusVoltage_V
 .text.Circle_Limitation
                0x0000000008007420       0x64 Middlewares/MotorControl/circle_limitation.o
                0x0000000008007420                Circle_Limitation
 .text.EAC_Init
                0x0000000008007484       0x14 Middlewares/MotorControl/enc_align_ctrl.o
                0x0000000008007484                EAC_Init
 .text.EAC_StartAlignment
                0x0000000008007498       0x50 Middlewares/MotorControl/enc_align_ctrl.o
                0x0000000008007498                EAC_StartAlignment
 .text.EAC_Exec
                0x00000000080074e8       0x30 Middlewares/MotorControl/enc_align_ctrl.o
                0x00000000080074e8                EAC_Exec
 .text.EAC_IsAligned
                0x0000000008007518        0x4 Middlewares/MotorControl/enc_align_ctrl.o
                0x0000000008007518                EAC_IsAligned
 .text.EAC_SetRestartState
                0x000000000800751c        0x4 Middlewares/MotorControl/enc_align_ctrl.o
                0x000000000800751c                EAC_SetRestartState
 .text.EAC_GetRestartState
                0x0000000008007520        0x4 Middlewares/MotorControl/enc_align_ctrl.o
                0x0000000008007520                EAC_GetRestartState
 .text.ENC_Init
                0x0000000008007524       0x7c Middlewares/MotorControl/encoder_speed_pos_fdbk.o
                0x0000000008007524                ENC_Init
 .text.ENC_Clear
                0x00000000080075a0       0x24 Middlewares/MotorControl/encoder_speed_pos_fdbk.o
                0x00000000080075a0                ENC_Clear
 .text.ENC_CalcAngle
                0x00000000080075c4       0x40 Middlewares/MotorControl/encoder_speed_pos_fdbk.o
                0x00000000080075c4                ENC_CalcAngle
 .text.ENC_CalcAvrgMecSpeedUnit
                0x0000000008007604      0x194 Middlewares/MotorControl/encoder_speed_pos_fdbk.o
                0x0000000008007604                ENC_CalcAvrgMecSpeedUnit
 .text.ENC_SetMecAngle
                0x0000000008007798       0x34 Middlewares/MotorControl/encoder_speed_pos_fdbk.o
                0x0000000008007798                ENC_SetMecAngle
 .text.ENC_IRQHandler
                0x00000000080077cc       0x14 Middlewares/MotorControl/encoder_speed_pos_fdbk.o
                0x00000000080077cc                ENC_IRQHandler
 .text.FCP_Init
                0x00000000080077e0       0x1c Middlewares/MotorControl/frame_communication_protocol.o
                0x00000000080077e0                FCP_Init
 .text.FCP_SetClient
                0x00000000080077fc       0x10 Middlewares/MotorControl/frame_communication_protocol.o
                0x00000000080077fc                FCP_SetClient
 .text.FCP_CalcCRC
                0x000000000800780c       0x2c Middlewares/MotorControl/frame_communication_protocol.o
                0x000000000800780c                FCP_CalcCRC
 .text.MPM_Clear
                0x0000000008007838       0x14 Middlewares/MotorControl/motor_power_measurement.o
                0x0000000008007838                MPM_Clear
 .text.MPM_CalcElMotorPower
                0x000000000800784c       0x40 Middlewares/MotorControl/motor_power_measurement.o
                0x000000000800784c                MPM_CalcElMotorPower
 .text.MPM_GetAvrgElMotorPowerW
                0x000000000800788c        0x8 Middlewares/MotorControl/motor_power_measurement.o
                0x000000000800788c                MPM_GetAvrgElMotorPowerW
 .text.NTC_SetFaultState
                0x0000000008007894       0x1c Middlewares/MotorControl/ntc_temperature_sensor.o
                0x0000000008007894                NTC_SetFaultState
 .text.NTC_Clear
                0x00000000080078b0        0x8 Middlewares/MotorControl/ntc_temperature_sensor.o
                0x00000000080078b0                NTC_Clear
 .text.NTC_Init
                0x00000000080078b8       0x24 Middlewares/MotorControl/ntc_temperature_sensor.o
                0x00000000080078b8                NTC_Init
 .text.NTC_CalcAvTemp
                0x00000000080078dc       0x3c Middlewares/MotorControl/ntc_temperature_sensor.o
                0x00000000080078dc                NTC_CalcAvTemp
 .text.NTC_GetAvTemp_C
                0x0000000008007918       0x2c Middlewares/MotorControl/ntc_temperature_sensor.o
                0x0000000008007918                NTC_GetAvTemp_C
 .text.PID_HandleInit
                0x0000000008007944       0x10 Middlewares/MotorControl/pid_regulator.o
                0x0000000008007944                PID_HandleInit
 .text.PID_SetKP
                0x0000000008007954        0x4 Middlewares/MotorControl/pid_regulator.o
                0x0000000008007954                PID_SetKP
 .text.PID_SetKI
                0x0000000008007958        0x4 Middlewares/MotorControl/pid_regulator.o
                0x0000000008007958                PID_SetKI
 .text.PID_GetKP
                0x000000000800795c        0x8 Middlewares/MotorControl/pid_regulator.o
                0x000000000800795c                PID_GetKP
 .text.PID_GetKI
                0x0000000008007964        0x8 Middlewares/MotorControl/pid_regulator.o
                0x0000000008007964                PID_GetKI
 .text.PID_SetIntegralTerm
                0x000000000800796c        0x4 Middlewares/MotorControl/pid_regulator.o
                0x000000000800796c                PID_SetIntegralTerm
 .text.PID_GetKPDivisor
                0x0000000008007970        0x4 Middlewares/MotorControl/pid_regulator.o
                0x0000000008007970                PID_GetKPDivisor
 .text.PID_GetKIDivisor
                0x0000000008007974        0x4 Middlewares/MotorControl/pid_regulator.o
                0x0000000008007974                PID_GetKIDivisor
 .text.PID_SetKD
                0x0000000008007978        0x4 Middlewares/MotorControl/pid_regulator.o
                0x0000000008007978                PID_SetKD
 .text.PID_GetKD
                0x000000000800797c        0x8 Middlewares/MotorControl/pid_regulator.o
                0x000000000800797c                PID_GetKD
 .text.PI_Controller
                0x0000000008007984       0x88 Middlewares/MotorControl/pid_regulator.o
                0x0000000008007984                PI_Controller
 .text.PID_Controller
                0x0000000008007a0c       0x40 Middlewares/MotorControl/pid_regulator.o
                0x0000000008007a0c                PID_Controller
 .text.PQD_CalcElMotorPower
                0x0000000008007a4c       0x6c Middlewares/MotorControl/pqd_motor_power_measurement.o
                0x0000000008007a4c                PQD_CalcElMotorPower
 .text.startTimers
                0x0000000008007ab8       0x70 Middlewares/MotorControl/pwm_common.o
                0x0000000008007ab8                startTimers
 .text.waitForPolarizationEnd
                0x0000000008007b28       0x44 Middlewares/MotorControl/pwm_common.o
                0x0000000008007b28                waitForPolarizationEnd
 .text.PWMC_GetPhaseCurrents
                0x0000000008007b6c        0x4 Middlewares/MotorControl/pwm_curr_fdbk.o
                0x0000000008007b6c                PWMC_GetPhaseCurrents
 .text.PWMC_SetPhaseVoltage
                0x0000000008007b70      0x218 Middlewares/MotorControl/pwm_curr_fdbk.o
                0x0000000008007b70                PWMC_SetPhaseVoltage
 .text.PWMC_SwitchOffPWM
                0x0000000008007d88        0x4 Middlewares/MotorControl/pwm_curr_fdbk.o
                0x0000000008007d88                PWMC_SwitchOffPWM
 .text.PWMC_CurrentReadingCalibr
                0x0000000008007d8c       0x54 Middlewares/MotorControl/pwm_curr_fdbk.o
                0x0000000008007d8c                PWMC_CurrentReadingCalibr
 .text.PWMC_CheckOverCurrent
                0x0000000008007de0        0x4 Middlewares/MotorControl/pwm_curr_fdbk.o
                0x0000000008007de0                PWMC_CheckOverCurrent
 .text.R3_2_ADCxInit
                0x0000000008007de4       0xb4 Middlewares/MotorControl/r3_2_g4xx_pwm_curr_fdbk.o
 .text.R3_2_GetPhaseCurrents
                0x0000000008007e98      0x18c Middlewares/MotorControl/r3_2_g4xx_pwm_curr_fdbk.o
                0x0000000008007e98                R3_2_GetPhaseCurrents
 .text.R3_2_SetADCSampPointPolarization
                0x0000000008008024       0x3c Middlewares/MotorControl/r3_2_g4xx_pwm_curr_fdbk.o
                0x0000000008008024                R3_2_SetADCSampPointPolarization
 .text.R3_2_SetADCSampPointSectX
                0x0000000008008060       0x74 Middlewares/MotorControl/r3_2_g4xx_pwm_curr_fdbk.o
                0x0000000008008060                R3_2_SetADCSampPointSectX
 .text.R3_2_HFCurrentsPolarizationAB
                0x00000000080080d4       0x4c Middlewares/MotorControl/r3_2_g4xx_pwm_curr_fdbk.o
 .text.R3_2_HFCurrentsPolarizationC
                0x0000000008008120       0x44 Middlewares/MotorControl/r3_2_g4xx_pwm_curr_fdbk.o
 .text.R3_2_TurnOnLowSides
                0x0000000008008164       0x50 Middlewares/MotorControl/r3_2_g4xx_pwm_curr_fdbk.o
                0x0000000008008164                R3_2_TurnOnLowSides
 .text.R3_2_SwitchOnPWM
                0x00000000080081b4       0x90 Middlewares/MotorControl/r3_2_g4xx_pwm_curr_fdbk.o
                0x00000000080081b4                R3_2_SwitchOnPWM
 .text.R3_2_SwitchOffPWM
                0x0000000008008244       0x60 Middlewares/MotorControl/r3_2_g4xx_pwm_curr_fdbk.o
                0x0000000008008244                R3_2_SwitchOffPWM
 .text.R3_2_RLGetPhaseCurrents
                0x00000000080082a4       0x58 Middlewares/MotorControl/r3_2_g4xx_pwm_curr_fdbk.o
 .text.R3_2_RLTurnOnLowSides
                0x00000000080082fc       0x4c Middlewares/MotorControl/r3_2_g4xx_pwm_curr_fdbk.o
 .text.R3_2_RLSwitchOnPWM
                0x0000000008008348       0xac Middlewares/MotorControl/r3_2_g4xx_pwm_curr_fdbk.o
 .text.R3_2_Init
                0x00000000080083f4      0x4e0 Middlewares/MotorControl/r3_2_g4xx_pwm_curr_fdbk.o
                0x00000000080083f4                R3_2_Init
 .text.R3_2_CurrentReadingPolarization
                0x00000000080088d4      0x138 Middlewares/MotorControl/r3_2_g4xx_pwm_curr_fdbk.o
                0x00000000080088d4                R3_2_CurrentReadingPolarization
 .text.R3_2_TIMx_UP_IRQHandler
                0x0000000008008a0c       0x98 Middlewares/MotorControl/r3_2_g4xx_pwm_curr_fdbk.o
                0x0000000008008a0c                R3_2_TIMx_UP_IRQHandler
 .text.R3_2_BRK2_IRQHandler
                0x0000000008008aa4       0x40 Middlewares/MotorControl/r3_2_g4xx_pwm_curr_fdbk.o
                0x0000000008008aa4                R3_2_BRK2_IRQHandler
 .text.R3_2_BRK_IRQHandler
                0x0000000008008ae4       0x20 Middlewares/MotorControl/r3_2_g4xx_pwm_curr_fdbk.o
                0x0000000008008ae4                R3_2_BRK_IRQHandler
 .text.R3_2_IsOverCurrentOccurred
                0x0000000008008b04       0x28 Middlewares/MotorControl/r3_2_g4xx_pwm_curr_fdbk.o
                0x0000000008008b04                R3_2_IsOverCurrentOccurred
 .text.R3_2_RLDetectionModeEnable
                0x0000000008008b2c       0xd0 Middlewares/MotorControl/r3_2_g4xx_pwm_curr_fdbk.o
                0x0000000008008b2c                R3_2_RLDetectionModeEnable
 .text.R3_2_RLDetectionModeDisable
                0x0000000008008bfc      0x128 Middlewares/MotorControl/r3_2_g4xx_pwm_curr_fdbk.o
                0x0000000008008bfc                R3_2_RLDetectionModeDisable
 .text.R3_2_RLDetectionModeSetDuty
                0x0000000008008d24       0x74 Middlewares/MotorControl/r3_2_g4xx_pwm_curr_fdbk.o
                0x0000000008008d24                R3_2_RLDetectionModeSetDuty
 .text.RVBS_Clear
                0x0000000008008d98       0x3c Middlewares/MotorControl/r_divider_bus_voltage_sensor.o
                0x0000000008008d98                RVBS_Clear
 .text.RVBS_Init
                0x0000000008008dd4       0x18 Middlewares/MotorControl/r_divider_bus_voltage_sensor.o
                0x0000000008008dd4                RVBS_Init
 .text.RVBS_CheckFaultState
                0x0000000008008dec       0x18 Middlewares/MotorControl/r_divider_bus_voltage_sensor.o
                0x0000000008008dec                RVBS_CheckFaultState
 .text.RVBS_CalcAvVbus
                0x0000000008008e04       0x6c Middlewares/MotorControl/r_divider_bus_voltage_sensor.o
                0x0000000008008e04                RVBS_CalcAvVbus
 .text.REMNG_Init
                0x0000000008008e70       0x10 Middlewares/MotorControl/ramp_ext_mngr.o
                0x0000000008008e70                REMNG_Init
 .text.SPD_GetElAngle
                0x0000000008008e80        0x8 Middlewares/MotorControl/speed_pos_fdbk.o
                0x0000000008008e80                SPD_GetElAngle
 .text.SPD_GetMecAngle
                0x0000000008008e88        0x4 Middlewares/MotorControl/speed_pos_fdbk.o
                0x0000000008008e88                SPD_GetMecAngle
 .text.SPD_GetAvrgMecSpeedUnit
                0x0000000008008e8c        0x8 Middlewares/MotorControl/speed_pos_fdbk.o
                0x0000000008008e8c                SPD_GetAvrgMecSpeedUnit
 .text.SPD_GetInstElSpeedDpp
                0x0000000008008e94        0x8 Middlewares/MotorControl/speed_pos_fdbk.o
                0x0000000008008e94                SPD_GetInstElSpeedDpp
 .text.SPD_IsMecSpeedReliable
                0x0000000008008e9c       0x60 Middlewares/MotorControl/speed_pos_fdbk.o
                0x0000000008008e9c                SPD_IsMecSpeedReliable
 .text.SPD_GetS16Speed
                0x0000000008008efc       0x14 Middlewares/MotorControl/speed_pos_fdbk.o
                0x0000000008008efc                SPD_GetS16Speed
 .text.STC_Init
                0x0000000008008f10       0x28 Middlewares/MotorControl/speed_torq_ctrl.o
                0x0000000008008f10                STC_Init
 .text.STC_SetSpeedSensor
                0x0000000008008f38        0x4 Middlewares/MotorControl/speed_torq_ctrl.o
                0x0000000008008f38                STC_SetSpeedSensor
 .text.STC_GetSpeedSensor
                0x0000000008008f3c        0x4 Middlewares/MotorControl/speed_torq_ctrl.o
                0x0000000008008f3c                STC_GetSpeedSensor
 .text.STC_Clear
                0x0000000008008f40       0x10 Middlewares/MotorControl/speed_torq_ctrl.o
                0x0000000008008f40                STC_Clear
 .text.STC_GetMecSpeedRefUnit
                0x0000000008008f50       0x10 Middlewares/MotorControl/speed_torq_ctrl.o
                0x0000000008008f50                STC_GetMecSpeedRefUnit
 .text.STC_GetTorqueRef
                0x0000000008008f60       0x10 Middlewares/MotorControl/speed_torq_ctrl.o
                0x0000000008008f60                STC_GetTorqueRef
 .text.STC_SetControlMode
                0x0000000008008f70        0x8 Middlewares/MotorControl/speed_torq_ctrl.o
                0x0000000008008f70                STC_SetControlMode
 .text.STC_ExecRamp
                0x0000000008008f78       0x94 Middlewares/MotorControl/speed_torq_ctrl.o
                0x0000000008008f78                STC_ExecRamp
 .text.STC_StopRamp
                0x000000000800900c        0x8 Middlewares/MotorControl/speed_torq_ctrl.o
                0x000000000800900c                STC_StopRamp
 .text.STC_CalcTorqueReference
                0x0000000008009014       0x60 Middlewares/MotorControl/speed_torq_ctrl.o
                0x0000000008009014                STC_CalcTorqueReference
 .text.STC_GetMecSpeedRefUnitDefault
                0x0000000008009074        0x8 Middlewares/MotorControl/speed_torq_ctrl.o
                0x0000000008009074                STC_GetMecSpeedRefUnitDefault
 .text.STC_GetMaxAppPositiveMecSpeedUnit
                0x000000000800907c        0x4 Middlewares/MotorControl/speed_torq_ctrl.o
                0x000000000800907c                STC_GetMaxAppPositiveMecSpeedUnit
 .text.STC_GetMinAppNegativeMecSpeedUnit
                0x0000000008009080        0x8 Middlewares/MotorControl/speed_torq_ctrl.o
                0x0000000008009080                STC_GetMinAppNegativeMecSpeedUnit
 .text.STC_GetDefaultIqdref
                0x0000000008009088       0x18 Middlewares/MotorControl/speed_torq_ctrl.o
                0x0000000008009088                STC_GetDefaultIqdref
 .text.STC_ForceSpeedReferenceToCurrentSpeed
                0x00000000080090a0       0x10 Middlewares/MotorControl/speed_torq_ctrl.o
                0x00000000080090a0                STC_ForceSpeedReferenceToCurrentSpeed
 .text.STM_Init
                0x00000000080090b0        0xc Middlewares/MotorControl/state_machine.o
                0x00000000080090b0                STM_Init
 .text.STM_FaultProcessing
                0x00000000080090bc       0x34 Middlewares/MotorControl/state_machine.o
                0x00000000080090bc                STM_FaultProcessing
 .text.STM_NextState
                0x00000000080090f0       0xe8 Middlewares/MotorControl/state_machine.o
                0x00000000080090f0                STM_NextState
 .text.STM_GetState
                0x00000000080091d8        0x4 Middlewares/MotorControl/state_machine.o
                0x00000000080091d8                STM_GetState
 .text.STM_FaultAcknowledged
                0x00000000080091dc       0x18 Middlewares/MotorControl/state_machine.o
                0x00000000080091dc                STM_FaultAcknowledged
 .text.STM_GetFaultState
                0x00000000080091f4        0xc Middlewares/MotorControl/state_machine.o
                0x00000000080091f4                STM_GetFaultState
 .text.TC_Init  0x0000000008009200       0x48 Middlewares/MotorControl/trajectory_ctrl.o
                0x0000000008009200                TC_Init
 .text.TC_MoveCommand
                0x0000000008009248       0xdc Middlewares/MotorControl/trajectory_ctrl.o
                0x0000000008009248                TC_MoveCommand
 .text.TC_FollowCommand
                0x0000000008009324       0x88 Middlewares/MotorControl/trajectory_ctrl.o
                0x0000000008009324                TC_FollowCommand
 .text.TC_PositionRegulation
                0x00000000080093ac      0x190 Middlewares/MotorControl/trajectory_ctrl.o
                0x00000000080093ac                TC_PositionRegulation
 .text.TC_EncAlignmentCommand
                0x000000000800953c      0x134 Middlewares/MotorControl/trajectory_ctrl.o
                0x000000000800953c                TC_EncAlignmentCommand
 .text.TC_EncoderReset
                0x0000000008009670       0x3c Middlewares/MotorControl/trajectory_ctrl.o
                0x0000000008009670                TC_EncoderReset
 .text.TC_GetCurrentPosition
                0x00000000080096ac       0x24 Middlewares/MotorControl/trajectory_ctrl.o
                0x00000000080096ac                TC_GetCurrentPosition
 .text.TC_GetTargetPosition
                0x00000000080096d0        0x8 Middlewares/MotorControl/trajectory_ctrl.o
                0x00000000080096d0                TC_GetTargetPosition
 .text.TC_GetMoveDuration
                0x00000000080096d8        0x8 Middlewares/MotorControl/trajectory_ctrl.o
                0x00000000080096d8                TC_GetMoveDuration
 .text.TC_IncTick
                0x00000000080096e0        0x8 Middlewares/MotorControl/trajectory_ctrl.o
                0x00000000080096e0                TC_IncTick
 .text.UFCP_Init
                0x00000000080096e8        0x4 Middlewares/MotorControl/usart_frame_communication_protocol.o
                0x00000000080096e8                UFCP_Init
 .text.UFCP_TX_IRQ_Handler
                0x00000000080096ec       0x60 Middlewares/MotorControl/usart_frame_communication_protocol.o
                0x00000000080096ec                UFCP_TX_IRQ_Handler
 .text.UFCP_Receive
                0x000000000800974c       0x24 Middlewares/MotorControl/usart_frame_communication_protocol.o
                0x000000000800974c                UFCP_Receive
 .text.UFCP_Send
                0x0000000008009770      0x124 Middlewares/MotorControl/usart_frame_communication_protocol.o
                0x0000000008009770                UFCP_Send
 .text.UFCP_RX_IRQ_Handler
                0x0000000008009894       0xc4 Middlewares/MotorControl/usart_frame_communication_protocol.o
                0x0000000008009894                UFCP_RX_IRQ_Handler
 .text.UFCP_OVR_IRQ_Handler
                0x0000000008009958       0x1c Middlewares/MotorControl/usart_frame_communication_protocol.o
                0x0000000008009958                UFCP_OVR_IRQ_Handler
 .text.UFCP_AbortReceive
                0x0000000008009974        0x8 Middlewares/MotorControl/usart_frame_communication_protocol.o
                0x0000000008009974                UFCP_AbortReceive
 .text.VSS_Clear
                0x000000000800997c       0x28 Middlewares/MotorControl/virtual_speed_sensor.o
                0x000000000800997c                VSS_Clear
 .text.VSS_Init
                0x00000000080099a4        0x8 Middlewares/MotorControl/virtual_speed_sensor.o
                0x00000000080099a4                VSS_Init
 .text.VSS_SetMecAngle
                0x00000000080099ac       0x10 Middlewares/MotorControl/virtual_speed_sensor.o
                0x00000000080099ac                VSS_SetMecAngle
 .text.VSS_SetMecAcceleration
                0x00000000080099bc       0x6c Middlewares/MotorControl/virtual_speed_sensor.o
                0x00000000080099bc                VSS_SetMecAcceleration
 .text.RUC_SetPhaseDurationms
                0x0000000008009a28        0xc ../../../MCSDK_v5.4.5/MotorControl/lib\libmc-gcc_M4_NoCCMRAM.lib(revup_ctrl.o)
                0x0000000008009a28                RUC_SetPhaseDurationms
 .text.RUC_SetPhaseFinalMecSpeedUnit
                0x0000000008009a34        0xc ../../../MCSDK_v5.4.5/MotorControl/lib\libmc-gcc_M4_NoCCMRAM.lib(revup_ctrl.o)
                0x0000000008009a34                RUC_SetPhaseFinalMecSpeedUnit
 .text.RUC_SetPhaseFinalTorque
                0x0000000008009a40        0xc ../../../MCSDK_v5.4.5/MotorControl/lib\libmc-gcc_M4_NoCCMRAM.lib(revup_ctrl.o)
                0x0000000008009a40                RUC_SetPhaseFinalTorque
 .text.RUC_GetPhaseDurationms
                0x0000000008009a4c        0xc ../../../MCSDK_v5.4.5/MotorControl/lib\libmc-gcc_M4_NoCCMRAM.lib(revup_ctrl.o)
                0x0000000008009a4c                RUC_GetPhaseDurationms
 .text.RUC_GetPhaseFinalMecSpeedUnit
                0x0000000008009a58       0x10 ../../../MCSDK_v5.4.5/MotorControl/lib\libmc-gcc_M4_NoCCMRAM.lib(revup_ctrl.o)
                0x0000000008009a58                RUC_GetPhaseFinalMecSpeedUnit
 .text.RUC_GetPhaseFinalTorque
                0x0000000008009a68       0x10 ../../../MCSDK_v5.4.5/MotorControl/lib\libmc-gcc_M4_NoCCMRAM.lib(revup_ctrl.o)
                0x0000000008009a68                RUC_GetPhaseFinalTorque
 .text.RUC_GetNumberOfPhases
                0x0000000008009a78        0x8 ../../../MCSDK_v5.4.5/MotorControl/lib\libmc-gcc_M4_NoCCMRAM.lib(revup_ctrl.o)
                0x0000000008009a78                RUC_GetNumberOfPhases
 .text.__libc_init_array
                0x0000000008009a80       0x48 c:/st/stm32cubeide_1.2.0/stm32cubeide/plugins/com.st.stm32cube.ide.mcu.externaltools.gnu-tools-for-stm32.7-2018-q2-update.win32_1.5.0.202011040924/tools/bin/../lib/gcc/arm-none-eabi/7.3.1/../../../../arm-none-eabi/lib/thumb/v7e-m/fpv4-sp/hard\libc_nano.a(lib_a-init.o)
                0x0000000008009a80                __libc_init_array
 .text.memset   0x0000000008009ac8       0x10 c:/st/stm32cubeide_1.2.0/stm32cubeide/plugins/com.st.stm32cube.ide.mcu.externaltools.gnu-tools-for-stm32.7-2018-q2-update.win32_1.5.0.202011040924/tools/bin/../lib/gcc/arm-none-eabi/7.3.1/../../../../arm-none-eabi/lib/thumb/v7e-m/fpv4-sp/hard\libc_nano.a(lib_a-memset.o)
                0x0000000008009ac8                memset
 *(.glue_7)
 .glue_7        0x0000000008009ad8        0x0 linker stubs
 *(.glue_7t)
 .glue_7t       0x0000000008009ad8        0x0 linker stubs
 *(.eh_frame)
 .eh_frame      0x0000000008009ad8        0x0 c:/st/stm32cubeide_1.2.0/stm32cubeide/plugins/com.st.stm32cube.ide.mcu.externaltools.gnu-tools-for-stm32.7-2018-q2-update.win32_1.5.0.202011040924/tools/bin/../lib/gcc/arm-none-eabi/7.3.1/thumb/v7e-m/fpv4-sp/hard/crtbegin.o
 *(.init)
 .init          0x0000000008009ad8        0x4 c:/st/stm32cubeide_1.2.0/stm32cubeide/plugins/com.st.stm32cube.ide.mcu.externaltools.gnu-tools-for-stm32.7-2018-q2-update.win32_1.5.0.202011040924/tools/bin/../lib/gcc/arm-none-eabi/7.3.1/thumb/v7e-m/fpv4-sp/hard/crti.o
                0x0000000008009ad8                _init
 .init          0x0000000008009adc        0x8 c:/st/stm32cubeide_1.2.0/stm32cubeide/plugins/com.st.stm32cube.ide.mcu.externaltools.gnu-tools-for-stm32.7-2018-q2-update.win32_1.5.0.202011040924/tools/bin/../lib/gcc/arm-none-eabi/7.3.1/thumb/v7e-m/fpv4-sp/hard/crtn.o
 *(.fini)
 .fini          0x0000000008009ae4        0x4 c:/st/stm32cubeide_1.2.0/stm32cubeide/plugins/com.st.stm32cube.ide.mcu.externaltools.gnu-tools-for-stm32.7-2018-q2-update.win32_1.5.0.202011040924/tools/bin/../lib/gcc/arm-none-eabi/7.3.1/thumb/v7e-m/fpv4-sp/hard/crti.o
                0x0000000008009ae4                _fini
 .fini          0x0000000008009ae8        0x8 c:/st/stm32cubeide_1.2.0/stm32cubeide/plugins/com.st.stm32cube.ide.mcu.externaltools.gnu-tools-for-stm32.7-2018-q2-update.win32_1.5.0.202011040924/tools/bin/../lib/gcc/arm-none-eabi/7.3.1/thumb/v7e-m/fpv4-sp/hard/crtn.o
                0x0000000008009af0                . = ALIGN (0x4)
                0x0000000008009af0                _etext = .

.vfp11_veneer   0x0000000008009af0        0x0
 .vfp11_veneer  0x0000000008009af0        0x0 linker stubs

.v4_bx          0x0000000008009af0        0x0
 .v4_bx         0x0000000008009af0        0x0 linker stubs

.iplt           0x0000000008009af0        0x0
 .iplt          0x0000000008009af0        0x0 c:/st/stm32cubeide_1.2.0/stm32cubeide/plugins/com.st.stm32cube.ide.mcu.externaltools.gnu-tools-for-stm32.7-2018-q2-update.win32_1.5.0.202011040924/tools/bin/../lib/gcc/arm-none-eabi/7.3.1/thumb/v7e-m/fpv4-sp/hard/crtbegin.o

.rodata         0x0000000008009af0      0x2ac
                0x0000000008009af0                . = ALIGN (0x4)
 *(.rodata)
 .rodata        0x0000000008009af0      0x130 Application/User/mc_parameters.o
                0x0000000008009af0                R3_2_ParamsM1
                0x0000000008009bb4                R3_3_OPAMPParamsM1
 .rodata        0x0000000008009c20       0x20 Application/User/motorcontrol.o
                0x0000000008009c20                s_fwVer
 .rodata        0x0000000008009c40       0x18 Drivers/CMSIS/system_stm32g4xx.o
                0x0000000008009c40                AHBPrescTable
                0x0000000008009c50                APBPrescTable
 .rodata        0x0000000008009c58       0x10 Drivers/STM32G4xx_HAL_Driver/stm32g4xx_hal_fdcan.o
 .rodata        0x0000000008009c68      0x100 Drivers/STM32G4xx_HAL_Driver/stm32g4xx_hal_tim_ex.o
 .rodata        0x0000000008009d68       0x2c Drivers/STM32G4xx_HAL_Driver/stm32g4xx_hal_uart.o
                0x0000000008009d78                UARTPrescTable
 .rodata        0x0000000008009d94        0x6 Middlewares/MotorControl/usart_frame_communication_protocol.o
 *(.rodata*)
                0x0000000008009d9c                . = ALIGN (0x4)
 *fill*         0x0000000008009d9a        0x2 

.ARM.extab
 *(.ARM.extab* .gnu.linkonce.armextab.*)

.ARM            0x0000000008009d9c        0x8
                0x0000000008009d9c                __exidx_start = .
 *(.ARM.exidx*)
 .ARM.exidx     0x0000000008009d9c        0x8 c:/st/stm32cubeide_1.2.0/stm32cubeide/plugins/com.st.stm32cube.ide.mcu.externaltools.gnu-tools-for-stm32.7-2018-q2-update.win32_1.5.0.202011040924/tools/bin/../lib/gcc/arm-none-eabi/7.3.1/thumb/v7e-m/fpv4-sp/hard\libgcc.a(_udivmoddi4.o)
                0x0000000008009da4                __exidx_end = .

.rel.dyn        0x0000000008009da4        0x0
 .rel.iplt      0x0000000008009da4        0x0 c:/st/stm32cubeide_1.2.0/stm32cubeide/plugins/com.st.stm32cube.ide.mcu.externaltools.gnu-tools-for-stm32.7-2018-q2-update.win32_1.5.0.202011040924/tools/bin/../lib/gcc/arm-none-eabi/7.3.1/thumb/v7e-m/fpv4-sp/hard/crtbegin.o

.preinit_array  0x0000000008009da4        0x0
                0x0000000008009da4                PROVIDE (__preinit_array_start = .)
 *(.preinit_array*)
                0x0000000008009da4                PROVIDE (__preinit_array_end = .)

.init_array     0x0000000008009da4        0x4
                0x0000000008009da4                PROVIDE (__init_array_start = .)
 *(SORT_BY_NAME(.init_array.*))
 *(.init_array*)
 .init_array    0x0000000008009da4        0x4 c:/st/stm32cubeide_1.2.0/stm32cubeide/plugins/com.st.stm32cube.ide.mcu.externaltools.gnu-tools-for-stm32.7-2018-q2-update.win32_1.5.0.202011040924/tools/bin/../lib/gcc/arm-none-eabi/7.3.1/thumb/v7e-m/fpv4-sp/hard/crtbegin.o
                0x0000000008009da8                PROVIDE (__init_array_end = .)

.fini_array     0x0000000008009da8        0x4
                [!provide]                        PROVIDE (__fini_array_start = .)
 *(SORT_BY_NAME(.fini_array.*))
 *(.fini_array*)
 .fini_array    0x0000000008009da8        0x4 c:/st/stm32cubeide_1.2.0/stm32cubeide/plugins/com.st.stm32cube.ide.mcu.externaltools.gnu-tools-for-stm32.7-2018-q2-update.win32_1.5.0.202011040924/tools/bin/../lib/gcc/arm-none-eabi/7.3.1/thumb/v7e-m/fpv4-sp/hard/crtbegin.o
                [!provide]                        PROVIDE (__fini_array_end = .)
                0x0000000008009dac                _sidata = LOADADDR (.data)

.data           0x0000000020000000      0x624 load address 0x0000000008009dac
                0x0000000020000000                . = ALIGN (0x4)
                0x0000000020000000                _sdata = .
 *(.data)
 .data          0x0000000020000000      0x610 Application/User/mc_config.o
                0x0000000020000000                pUSART
                0x000000002000013c                CircleLimitationM1
                0x00000000200001f0                RampExtMngrHFParamsM1
                0x0000000020000208                RealBusVoltageSensorParamsM1
                0x0000000020000230                TempSensorParamsM1
                0x0000000020000258                EncAlignCtrlM1
                0x0000000020000274                ENCODER_M1
                0x00000000200002f0                VirtualSpeedSensorM1
                0x0000000020000328                PWM_Handle_M1
                0x00000000200003a4                SpeednTorqCtrlM1
                0x00000000200003d8                pPosCtrlM1
                0x0000000020000448                PID_PosParamsM1
                0x0000000020000474                PIDIdHandle_M1
                0x00000000200004a0                PIDIqHandle_M1
                0x00000000200004cc                PIDSpeedHandle_M1
                0x00000000200004f8                pPQD_MotorPowMeasM1
                0x00000000200004fc                PQD_MotorPowMeasM1
 .data          0x0000000020000610        0x4 Application/User/motorcontrol.o
                0x0000000020000610                wConfig
 .data          0x0000000020000614        0x1 Application/User/stm32g4xx_mc_it.o
 *fill*         0x0000000020000615        0x1 
 .data          0x0000000020000616        0x2 Application/User/ui_task.o
 .data          0x0000000020000618        0x4 Drivers/CMSIS/system_stm32g4xx.o
                0x0000000020000618                SystemCoreClock
 .data          0x000000002000061c        0x8 Drivers/STM32G4xx_HAL_Driver/stm32g4xx_hal.o
                0x000000002000061c                uwTickFreq
                0x0000000020000620                uwTickPrio
 *(.data*)
                0x0000000020000624                . = ALIGN (0x4)
                0x0000000020000624                _edata = .

.igot.plt       0x0000000020000624        0x0 load address 0x000000000800a3d0
 .igot.plt      0x0000000020000624        0x0 c:/st/stm32cubeide_1.2.0/stm32cubeide/plugins/com.st.stm32cube.ide.mcu.externaltools.gnu-tools-for-stm32.7-2018-q2-update.win32_1.5.0.202011040924/tools/bin/../lib/gcc/arm-none-eabi/7.3.1/thumb/v7e-m/fpv4-sp/hard/crtbegin.o
                0x0000000020000624                . = ALIGN (0x4)

.bss            0x0000000020000624      0x69c load address 0x000000000800a3d0
                0x0000000020000624                _sbss = .
                0x0000000020000624                __bss_start__ = _sbss
 *(.bss)
 .bss           0x0000000020000624       0x1c c:/st/stm32cubeide_1.2.0/stm32cubeide/plugins/com.st.stm32cube.ide.mcu.externaltools.gnu-tools-for-stm32.7-2018-q2-update.win32_1.5.0.202011040924/tools/bin/../lib/gcc/arm-none-eabi/7.3.1/thumb/v7e-m/fpv4-sp/hard/crtbegin.o
 .bss           0x0000000020000640        0x3 Application/User/main.o
                0x0000000020000640                errorID
                0x0000000020000641                motor_ready
                0x0000000020000642                heartbeat
 *fill*         0x0000000020000643        0x1 
 .bss           0x0000000020000644       0x18 Application/User/mc_config.o
                0x0000000020000644                UI_Params
 .bss           0x000000002000065c        0x8 Application/User/mc_tasks.o
                0x000000002000065c                bMCBootCompleted
 .bss           0x0000000020000664        0x8 Application/User/motor_control_protocol.o
                0x0000000020000664                MPInfo
 .bss           0x000000002000066c        0x4 Application/User/stm32g4xx_hal_msp.o
 .bss           0x0000000020000670        0x8 Application/User/ui_task.o
                0x0000000020000670                pMCP
 *(.bss*)
 *(COMMON)
 COMMON         0x0000000020000678      0x448 Application/User/main.o
                0x0000000020000678                hopamp2
                0x00000000200006b4                htim4
                0x0000000020000700                hadc2
                0x000000002000076c                hopamp3
                0x00000000200007a8                hcomp1
                0x00000000200007cc                htim3
                0x0000000020000818                hopamp1
                0x0000000020000854                hcomp4
                0x0000000020000878                hadc1
                0x00000000200008e4                val2
                0x00000000200008e8                hcordic
                0x0000000020000910                hfdcan1
                0x0000000020000974                htim1
                0x00000000200009c0                hcomp2
                0x00000000200009e4                htim2
                0x0000000020000a30                huart2
                0x0000000020000abc                val1
 COMMON         0x0000000020000ac0        0xc Application/User/mc_config.o
                0x0000000020000ac0                RealBusVoltageSensorFilterBufferM1
 COMMON         0x0000000020000acc       0xe4 Application/User/mc_tasks.o
                0x0000000020000acc                pOCPDisabling
                0x0000000020000ad0                pTemperatureSensor
                0x0000000020000ad4                pwmcHandle
                0x0000000020000ad8                pPIDSpeed
                0x0000000020000adc                pEAC
                0x0000000020000ae0                pPIDIq
                0x0000000020000ae4                oMCInterface
                0x0000000020000ae8                pPIDPosCtrl
                0x0000000020000aec                pR_Brake
                0x0000000020000af0                FOCVars
                0x0000000020000b18                MCT
                0x0000000020000b6c                pPosCtrl
                0x0000000020000b70                pCLM
                0x0000000020000b74                pBusSensorM1
                0x0000000020000b78                Mci
                0x0000000020000b98                STM
                0x0000000020000ba0                pREMNG
                0x0000000020000ba4                pMPM
                0x0000000020000ba8                pPIDId
                0x0000000020000bac                pSTC
 COMMON         0x0000000020000bb0        0x8 Application/User/motorcontrol.o
                0x0000000020000bb0                pMCI
                0x0000000020000bb4                pMCT
 COMMON         0x0000000020000bb8       0x52 Application/User/regular_conversion_manager.o
                0x0000000020000bb8                RCM_currentHandle
                0x0000000020000bb9                RCM_UserConvHandle
                0x0000000020000bbc                RCM_NoInj_array
                0x0000000020000bd4                RCM_CB_array
                0x0000000020000bf4                RCM_UserConvState
                0x0000000020000bf8                RCM_handle_array
                0x0000000020000c08                RCM_UserConvValue
 *fill*         0x0000000020000c0a        0x2 
 COMMON         0x0000000020000c0c       0xb0 Application/User/ui_task.o
                0x0000000020000c0c                MCP_UI_Params
 COMMON         0x0000000020000cbc        0x4 Drivers/STM32G4xx_HAL_Driver/stm32g4xx_hal.o
                0x0000000020000cbc                uwTick
                0x0000000020000cc0                . = ALIGN (0x4)
                0x0000000020000cc0                _ebss = .
                0x0000000020000cc0                __bss_end__ = _ebss

._user_heap_stack
                0x0000000020000cc0      0x600 load address 0x000000000800a3d0
                0x0000000020000cc0                . = ALIGN (0x8)
                0x0000000020000cc0                PROVIDE (end = .)
                [!provide]                        PROVIDE (_end = .)
                0x0000000020000ec0                . = (. + _Min_Heap_Size)
 *fill*         0x0000000020000cc0      0x200 
                0x00000000200012c0                . = (. + _Min_Stack_Size)
 *fill*         0x0000000020000ec0      0x400 
                0x00000000200012c0                . = ALIGN (0x8)

/DISCARD/
 libc.a(*)
 libm.a(*)
 libgcc.a(*)

.ARM.attributes
                0x0000000000000000       0x30
 *(.ARM.attributes)
 .ARM.attributes
                0x0000000000000000       0x22 c:/st/stm32cubeide_1.2.0/stm32cubeide/plugins/com.st.stm32cube.ide.mcu.externaltools.gnu-tools-for-stm32.7-2018-q2-update.win32_1.5.0.202011040924/tools/bin/../lib/gcc/arm-none-eabi/7.3.1/thumb/v7e-m/fpv4-sp/hard/crti.o
 .ARM.attributes
                0x0000000000000022       0x34 c:/st/stm32cubeide_1.2.0/stm32cubeide/plugins/com.st.stm32cube.ide.mcu.externaltools.gnu-tools-for-stm32.7-2018-q2-update.win32_1.5.0.202011040924/tools/bin/../lib/gcc/arm-none-eabi/7.3.1/thumb/v7e-m/fpv4-sp/hard/crtbegin.o
 .ARM.attributes
                0x0000000000000056       0x21 Application/SW4STM32/startup_stm32g431xx.o
 .ARM.attributes
                0x0000000000000077       0x39 Application/User/main.o
 .ARM.attributes
                0x00000000000000b0       0x39 Application/User/mc_api.o
 .ARM.attributes
                0x00000000000000e9       0x39 Application/User/mc_config.o
 .ARM.attributes
                0x0000000000000122       0x39 Application/User/mc_interface.o
 .ARM.attributes
                0x000000000000015b       0x39 Application/User/mc_math.o
 .ARM.attributes
                0x0000000000000194       0x39 Application/User/mc_parameters.o
 .ARM.attributes
                0x00000000000001cd       0x39 Application/User/mc_tasks.o
 .ARM.attributes
                0x0000000000000206       0x39 Application/User/motor_control_protocol.o
 .ARM.attributes
                0x000000000000023f       0x39 Application/User/motorcontrol.o
 .ARM.attributes
                0x0000000000000278       0x39 Application/User/regular_conversion_manager.o
 .ARM.attributes
                0x00000000000002b1       0x39 Application/User/stm32g4xx_hal_msp.o
 .ARM.attributes
                0x00000000000002ea       0x39 Application/User/stm32g4xx_it.o
 .ARM.attributes
                0x0000000000000323       0x39 Application/User/stm32g4xx_mc_it.o
 .ARM.attributes
                0x000000000000035c       0x39 Application/User/ui_task.o
 .ARM.attributes
                0x0000000000000395       0x39 Application/User/user_interface.o
 .ARM.attributes
                0x00000000000003ce       0x39 Drivers/CMSIS/system_stm32g4xx.o
 .ARM.attributes
                0x0000000000000407       0x39 Drivers/STM32G4xx_HAL_Driver/stm32g4xx_hal.o
 .ARM.attributes
                0x0000000000000440       0x39 Drivers/STM32G4xx_HAL_Driver/stm32g4xx_hal_adc.o
 .ARM.attributes
                0x0000000000000479       0x39 Drivers/STM32G4xx_HAL_Driver/stm32g4xx_hal_adc_ex.o
 .ARM.attributes
                0x00000000000004b2       0x39 Drivers/STM32G4xx_HAL_Driver/stm32g4xx_hal_comp.o
 .ARM.attributes
                0x00000000000004eb       0x39 Drivers/STM32G4xx_HAL_Driver/stm32g4xx_hal_cordic.o
 .ARM.attributes
                0x0000000000000524       0x39 Drivers/STM32G4xx_HAL_Driver/stm32g4xx_hal_cortex.o
 .ARM.attributes
                0x000000000000055d       0x39 Drivers/STM32G4xx_HAL_Driver/stm32g4xx_hal_fdcan.o
 .ARM.attributes
                0x0000000000000596       0x39 Drivers/STM32G4xx_HAL_Driver/stm32g4xx_hal_gpio.o
 .ARM.attributes
                0x00000000000005cf       0x39 Drivers/STM32G4xx_HAL_Driver/stm32g4xx_hal_opamp.o
 .ARM.attributes
                0x0000000000000608       0x39 Drivers/STM32G4xx_HAL_Driver/stm32g4xx_hal_pwr_ex.o
 .ARM.attributes
                0x0000000000000641       0x39 Drivers/STM32G4xx_HAL_Driver/stm32g4xx_hal_rcc.o
 .ARM.attributes
                0x000000000000067a       0x39 Drivers/STM32G4xx_HAL_Driver/stm32g4xx_hal_rcc_ex.o
 .ARM.attributes
                0x00000000000006b3       0x39 Drivers/STM32G4xx_HAL_Driver/stm32g4xx_hal_tim.o
 .ARM.attributes
                0x00000000000006ec       0x39 Drivers/STM32G4xx_HAL_Driver/stm32g4xx_hal_tim_ex.o
 .ARM.attributes
                0x0000000000000725       0x39 Drivers/STM32G4xx_HAL_Driver/stm32g4xx_hal_uart.o
 .ARM.attributes
                0x000000000000075e       0x39 Drivers/STM32G4xx_HAL_Driver/stm32g4xx_hal_uart_ex.o
 .ARM.attributes
                0x0000000000000797       0x39 Middlewares/MotorControl/bus_voltage_sensor.o
 .ARM.attributes
                0x00000000000007d0       0x39 Middlewares/MotorControl/circle_limitation.o
 .ARM.attributes
                0x0000000000000809       0x39 Middlewares/MotorControl/enc_align_ctrl.o
 .ARM.attributes
                0x0000000000000842       0x39 Middlewares/MotorControl/encoder_speed_pos_fdbk.o
 .ARM.attributes
                0x000000000000087b       0x39 Middlewares/MotorControl/frame_communication_protocol.o
 .ARM.attributes
                0x00000000000008b4       0x39 Middlewares/MotorControl/motor_power_measurement.o
 .ARM.attributes
                0x00000000000008ed       0x39 Middlewares/MotorControl/ntc_temperature_sensor.o
 .ARM.attributes
                0x0000000000000926       0x39 Middlewares/MotorControl/pid_regulator.o
 .ARM.attributes
                0x000000000000095f       0x39 Middlewares/MotorControl/pqd_motor_power_measurement.o
 .ARM.attributes
                0x0000000000000998       0x39 Middlewares/MotorControl/pwm_common.o
 .ARM.attributes
                0x00000000000009d1       0x39 Middlewares/MotorControl/pwm_curr_fdbk.o
 .ARM.attributes
                0x0000000000000a0a       0x39 Middlewares/MotorControl/r3_2_g4xx_pwm_curr_fdbk.o
 .ARM.attributes
                0x0000000000000a43       0x39 Middlewares/MotorControl/r_divider_bus_voltage_sensor.o
 .ARM.attributes
                0x0000000000000a7c       0x39 Middlewares/MotorControl/ramp_ext_mngr.o
 .ARM.attributes
                0x0000000000000ab5       0x39 Middlewares/MotorControl/speed_pos_fdbk.o
 .ARM.attributes
                0x0000000000000aee       0x39 Middlewares/MotorControl/speed_torq_ctrl.o
 .ARM.attributes
                0x0000000000000b27       0x39 Middlewares/MotorControl/state_machine.o
 .ARM.attributes
                0x0000000000000b60       0x39 Middlewares/MotorControl/trajectory_ctrl.o
 .ARM.attributes
                0x0000000000000b99       0x39 Middlewares/MotorControl/usart_frame_communication_protocol.o
 .ARM.attributes
                0x0000000000000bd2       0x39 Middlewares/MotorControl/virtual_speed_sensor.o
 .ARM.attributes
                0x0000000000000c0b       0x35 ../../../MCSDK_v5.4.5/MotorControl/lib\libmc-gcc_M4_NoCCMRAM.lib(revup_ctrl.o)
 .ARM.attributes
                0x0000000000000c40       0x34 c:/st/stm32cubeide_1.2.0/stm32cubeide/plugins/com.st.stm32cube.ide.mcu.externaltools.gnu-tools-for-stm32.7-2018-q2-update.win32_1.5.0.202011040924/tools/bin/../lib/gcc/arm-none-eabi/7.3.1/../../../../arm-none-eabi/lib/thumb/v7e-m/fpv4-sp/hard\libc_nano.a(lib_a-init.o)
 .ARM.attributes
                0x0000000000000c74       0x34 c:/st/stm32cubeide_1.2.0/stm32cubeide/plugins/com.st.stm32cube.ide.mcu.externaltools.gnu-tools-for-stm32.7-2018-q2-update.win32_1.5.0.202011040924/tools/bin/../lib/gcc/arm-none-eabi/7.3.1/../../../../arm-none-eabi/lib/thumb/v7e-m/fpv4-sp/hard\libc_nano.a(lib_a-memset.o)
 .ARM.attributes
                0x0000000000000ca8       0x22 c:/st/stm32cubeide_1.2.0/stm32cubeide/plugins/com.st.stm32cube.ide.mcu.externaltools.gnu-tools-for-stm32.7-2018-q2-update.win32_1.5.0.202011040924/tools/bin/../lib/gcc/arm-none-eabi/7.3.1/thumb/v7e-m/fpv4-sp/hard\libgcc.a(_aeabi_uldivmod.o)
 .ARM.attributes
                0x0000000000000cca       0x34 c:/st/stm32cubeide_1.2.0/stm32cubeide/plugins/com.st.stm32cube.ide.mcu.externaltools.gnu-tools-for-stm32.7-2018-q2-update.win32_1.5.0.202011040924/tools/bin/../lib/gcc/arm-none-eabi/7.3.1/thumb/v7e-m/fpv4-sp/hard\libgcc.a(_udivmoddi4.o)
 .ARM.attributes
                0x0000000000000cfe       0x22 c:/st/stm32cubeide_1.2.0/stm32cubeide/plugins/com.st.stm32cube.ide.mcu.externaltools.gnu-tools-for-stm32.7-2018-q2-update.win32_1.5.0.202011040924/tools/bin/../lib/gcc/arm-none-eabi/7.3.1/thumb/v7e-m/fpv4-sp/hard\libgcc.a(_dvmd_tls.o)
 .ARM.attributes
                0x0000000000000d20       0x22 c:/st/stm32cubeide_1.2.0/stm32cubeide/plugins/com.st.stm32cube.ide.mcu.externaltools.gnu-tools-for-stm32.7-2018-q2-update.win32_1.5.0.202011040924/tools/bin/../lib/gcc/arm-none-eabi/7.3.1/thumb/v7e-m/fpv4-sp/hard/crtn.o
OUTPUT(BLDC_Tension_Control.elf elf32-littlearm)

.debug_line     0x0000000000000000    0x2d912
 .debug_line    0x0000000000000000       0xbf Application/SW4STM32/startup_stm32g431xx.o
 .debug_line    0x00000000000000bf     0x1547 Application/User/main.o
 .debug_line    0x0000000000001606      0xfde Application/User/mc_api.o
 .debug_line    0x00000000000025e4      0xdeb Application/User/mc_config.o